Archive member included to satisfy reference by file (symbol)

/usr/lib/gcc/gcc-arm-none-eabi-6-2017-q2-update/bin/../lib/gcc/arm-none-eabi/6.3.1/../../../../arm-none-eabi/lib/thumb/v7e-m/fpv4-sp/hard/libc_nano.a(lib_a-exit.o)
                              /usr/lib/gcc/gcc-arm-none-eabi-6-2017-q2-update/bin/../lib/gcc/arm-none-eabi/6.3.1/../../../../arm-none-eabi/lib/thumb/v7e-m/fpv4-sp/hard/crt0.o (exit)
/usr/lib/gcc/gcc-arm-none-eabi-6-2017-q2-update/bin/../lib/gcc/arm-none-eabi/6.3.1/../../../../arm-none-eabi/lib/thumb/v7e-m/fpv4-sp/hard/libc_nano.a(lib_a-impure.o)
                              /usr/lib/gcc/gcc-arm-none-eabi-6-2017-q2-update/bin/../lib/gcc/arm-none-eabi/6.3.1/../../../../arm-none-eabi/lib/thumb/v7e-m/fpv4-sp/hard/libc_nano.a(lib_a-exit.o) (_global_impure_ptr)
/usr/lib/gcc/gcc-arm-none-eabi-6-2017-q2-update/bin/../lib/gcc/arm-none-eabi/6.3.1/../../../../arm-none-eabi/lib/thumb/v7e-m/fpv4-sp/hard/libc_nano.a(lib_a-init.o)
                              /usr/lib/gcc/gcc-arm-none-eabi-6-2017-q2-update/bin/../lib/gcc/arm-none-eabi/6.3.1/../../../../arm-none-eabi/lib/thumb/v7e-m/fpv4-sp/hard/crt0.o (__libc_init_array)
/usr/lib/gcc/gcc-arm-none-eabi-6-2017-q2-update/bin/../lib/gcc/arm-none-eabi/6.3.1/../../../../arm-none-eabi/lib/thumb/v7e-m/fpv4-sp/hard/libc_nano.a(lib_a-memset.o)
                              /usr/lib/gcc/gcc-arm-none-eabi-6-2017-q2-update/bin/../lib/gcc/arm-none-eabi/6.3.1/../../../../arm-none-eabi/lib/thumb/v7e-m/fpv4-sp/hard/crt0.o (memset)
/usr/lib/gcc/gcc-arm-none-eabi-6-2017-q2-update/bin/../lib/gcc/arm-none-eabi/6.3.1/../../../../arm-none-eabi/lib/thumb/v7e-m/fpv4-sp/hard/libc_nano.a(lib_a-vsnprintf.o)
                              build/debug_data.o (vsnprintf)
/usr/lib/gcc/gcc-arm-none-eabi-6-2017-q2-update/bin/../lib/gcc/arm-none-eabi/6.3.1/../../../../arm-none-eabi/lib/thumb/v7e-m/fpv4-sp/hard/libc_nano.a(lib_a-nano-svfprintf.o)
                              /usr/lib/gcc/gcc-arm-none-eabi-6-2017-q2-update/bin/../lib/gcc/arm-none-eabi/6.3.1/../../../../arm-none-eabi/lib/thumb/v7e-m/fpv4-sp/hard/libc_nano.a(lib_a-vsnprintf.o) (_svfprintf_r)
/usr/lib/gcc/gcc-arm-none-eabi-6-2017-q2-update/bin/../lib/gcc/arm-none-eabi/6.3.1/../../../../arm-none-eabi/lib/thumb/v7e-m/fpv4-sp/hard/libc_nano.a(lib_a-nano-vfprintf_i.o)
                              /usr/lib/gcc/gcc-arm-none-eabi-6-2017-q2-update/bin/../lib/gcc/arm-none-eabi/6.3.1/../../../../arm-none-eabi/lib/thumb/v7e-m/fpv4-sp/hard/libc_nano.a(lib_a-nano-svfprintf.o) (_printf_i)
/usr/lib/gcc/gcc-arm-none-eabi-6-2017-q2-update/bin/../lib/gcc/arm-none-eabi/6.3.1/../../../../arm-none-eabi/lib/thumb/v7e-m/fpv4-sp/hard/libc_nano.a(lib_a-memchr.o)
                              /usr/lib/gcc/gcc-arm-none-eabi-6-2017-q2-update/bin/../lib/gcc/arm-none-eabi/6.3.1/../../../../arm-none-eabi/lib/thumb/v7e-m/fpv4-sp/hard/libc_nano.a(lib_a-nano-svfprintf.o) (memchr)
/usr/lib/gcc/gcc-arm-none-eabi-6-2017-q2-update/bin/../lib/gcc/arm-none-eabi/6.3.1/../../../../arm-none-eabi/lib/thumb/v7e-m/fpv4-sp/hard/libc_nano.a(lib_a-memcpy-stub.o)
                              /usr/lib/gcc/gcc-arm-none-eabi-6-2017-q2-update/bin/../lib/gcc/arm-none-eabi/6.3.1/../../../../arm-none-eabi/lib/thumb/v7e-m/fpv4-sp/hard/libc_nano.a(lib_a-nano-svfprintf.o) (memcpy)
/usr/lib/gcc/gcc-arm-none-eabi-6-2017-q2-update/bin/../lib/gcc/arm-none-eabi/6.3.1/../../../../arm-none-eabi/lib/thumb/v7e-m/fpv4-sp/hard/libc_nano.a(lib_a-memmove.o)
                              /usr/lib/gcc/gcc-arm-none-eabi-6-2017-q2-update/bin/../lib/gcc/arm-none-eabi/6.3.1/../../../../arm-none-eabi/lib/thumb/v7e-m/fpv4-sp/hard/libc_nano.a(lib_a-nano-svfprintf.o) (memmove)
/usr/lib/gcc/gcc-arm-none-eabi-6-2017-q2-update/bin/../lib/gcc/arm-none-eabi/6.3.1/../../../../arm-none-eabi/lib/thumb/v7e-m/fpv4-sp/hard/libc_nano.a(lib_a-nano-freer.o)
                              /usr/lib/gcc/gcc-arm-none-eabi-6-2017-q2-update/bin/../lib/gcc/arm-none-eabi/6.3.1/../../../../arm-none-eabi/lib/thumb/v7e-m/fpv4-sp/hard/libc_nano.a(lib_a-nano-svfprintf.o) (_free_r)
/usr/lib/gcc/gcc-arm-none-eabi-6-2017-q2-update/bin/../lib/gcc/arm-none-eabi/6.3.1/../../../../arm-none-eabi/lib/thumb/v7e-m/fpv4-sp/hard/libc_nano.a(lib_a-nano-mallocr.o)
                              /usr/lib/gcc/gcc-arm-none-eabi-6-2017-q2-update/bin/../lib/gcc/arm-none-eabi/6.3.1/../../../../arm-none-eabi/lib/thumb/v7e-m/fpv4-sp/hard/libc_nano.a(lib_a-nano-svfprintf.o) (_malloc_r)
/usr/lib/gcc/gcc-arm-none-eabi-6-2017-q2-update/bin/../lib/gcc/arm-none-eabi/6.3.1/../../../../arm-none-eabi/lib/thumb/v7e-m/fpv4-sp/hard/libc_nano.a(lib_a-nano-reallocr.o)
                              /usr/lib/gcc/gcc-arm-none-eabi-6-2017-q2-update/bin/../lib/gcc/arm-none-eabi/6.3.1/../../../../arm-none-eabi/lib/thumb/v7e-m/fpv4-sp/hard/libc_nano.a(lib_a-nano-svfprintf.o) (_realloc_r)
/usr/lib/gcc/gcc-arm-none-eabi-6-2017-q2-update/bin/../lib/gcc/arm-none-eabi/6.3.1/../../../../arm-none-eabi/lib/thumb/v7e-m/fpv4-sp/hard/libc_nano.a(lib_a-sbrkr.o)
[...]
Memory Configuration

Name             Origin             Length             Attributes
RAM              0x0000000020000000 0x0000000000030000 xrw
CCMRAM           0x0000000010000000 0x0000000000010000 xrw
FLASH            0x0000000008000000 0x0000000000200000 xr
*default*        0x0000000000000000 0xffffffffffffffff

Linker script and memory map

LOAD /usr/lib/gcc/gcc-arm-none-eabi-6-2017-q2-update/bin/../lib/gcc/arm-none-eabi/6.3.1/thumb/v7e-m/fpv4-sp/hard/crti.o
LOAD /usr/lib/gcc/gcc-arm-none-eabi-6-2017-q2-update/bin/../lib/gcc/arm-none-eabi/6.3.1/thumb/v7e-m/fpv4-sp/hard/crtbegin.o
LOAD /usr/lib/gcc/gcc-arm-none-eabi-6-2017-q2-update/bin/../lib/gcc/arm-none-eabi/6.3.1/../../../../arm-none-eabi/lib/thumb/v7e-m/fpv4-sp/hard/crt0.o
LOAD build/main.o
LOAD build/gpio.o
LOAD build/gpio_led_init.o
LOAD build/tim_scheduing.o
LOAD build/uart8_config.o
LOAD build/debug_data.o
LOAD build/cbuf.o
LOAD build/stm32f4xx_it.o
LOAD build/stm32f4xx_hal_msp.o
LOAD build/stm32f4xx_hal_tim.o
LOAD build/stm32f4xx_hal_tim_ex.o
LOAD build/stm32f4xx_hal_rcc.o
LOAD build/stm32f4xx_hal_rcc_ex.o
LOAD build/stm32f4xx_hal_flash.o
LOAD build/stm32f4xx_hal_flash_ex.o
LOAD build/stm32f4xx_hal_flash_ramfunc.o
LOAD build/stm32f4xx_hal_gpio.o
LOAD build/stm32f4xx_hal_dma_ex.o
LOAD build/stm32f4xx_hal_dma.o
LOAD build/stm32f4xx_hal_pwr.o
LOAD build/stm32f4xx_hal_pwr_ex.o
LOAD build/stm32f4xx_hal_cortex.o
LOAD build/stm32f4xx_hal.o
LOAD build/stm32f4xx_hal_exti.o
LOAD build/stm32f4xx_hal_uart.o
LOAD build/system_stm32f4xx.o
LOAD build/startup_stm32f427xx.o
LOAD /usr/lib/gcc/gcc-arm-none-eabi-6-2017-q2-update/bin/../lib/gcc/arm-none-eabi/6.3.1/../../../../arm-none-eabi/lib/thumb/v7e-m/fpv4-sp/hard/libc_nano.a
LOAD /usr/lib/gcc/gcc-arm-none-eabi-6-2017-q2-update/bin/../lib/gcc/arm-none-eabi/6.3.1/../../../../arm-none-eabi/lib/thumb/v7e-m/fpv4-sp/hard/libm.a
LOAD /usr/lib/gcc/gcc-arm-none-eabi-6-2017-q2-update/bin/../lib/gcc/arm-none-eabi/6.3.1/../../../../arm-none-eabi/lib/thumb/v7e-m/fpv4-sp/hard/libnosys.a
START GROUP
LOAD /usr/lib/gcc/gcc-arm-none-eabi-6-2017-q2-update/bin/../lib/gcc/arm-none-eabi/6.3.1/thumb/v7e-m/fpv4-sp/hard/libgcc.a
LOAD /usr/lib/gcc/gcc-arm-none-eabi-6-2017-q2-update/bin/../lib/gcc/arm-none-eabi/6.3.1/../../../../arm-none-eabi/lib/thumb/v7e-m/fpv4-sp/hard/libc_nano.a
END GROUP
START GROUP
LOAD /usr/lib/gcc/gcc-arm-none-eabi-6-2017-q2-update/bin/../lib/gcc/arm-none-eabi/6.3.1/thumb/v7e-m/fpv4-sp/hard/libgcc.a
LOAD /usr/lib/gcc/gcc-arm-none-eabi-6-2017-q2-update/bin/../lib/gcc/arm-none-eabi/6.3.1/../../../../arm-none-eabi/lib/thumb/v7e-m/fpv4-sp/hard/libc_nano.a
END GROUP
LOAD /usr/lib/gcc/gcc-arm-none-eabi-6-2017-q2-update/bin/../lib/gcc/arm-none-eabi/6.3.1/thumb/v7e-m/fpv4-sp/hard/crtend.o
LOAD /usr/lib/gcc/gcc-arm-none-eabi-6-2017-q2-update/bin/../lib/gcc/arm-none-eabi/6.3.1/thumb/v7e-m/fpv4-sp/hard/crtn.o
                0x0000000020030000                _estack = 0x20030000
                0x0000000000000200                _Min_Heap_Size = 0x200
                0x0000000000000400                _Min_Stack_Size = 0x400

.isr_vector     0x0000000008000000      0x1ac
                0x0000000008000000                . = ALIGN (0x4)
 *(.isr_vector)
 .isr_vector    0x0000000008000000      0x1ac build/startup_stm32f427xx.o
                0x0000000008000000                g_pfnVectors
                0x00000000080001ac                . = ALIGN (0x4)

.text           0x00000000080001b0     0x2bec
                0x00000000080001b0                . = ALIGN (0x4)
 *(.text)
 .text          0x00000000080001b0       0x6c /usr/lib/gcc/gcc-arm-none-eabi-6-2017-q2-update/bin/../lib/gcc/arm-none-eabi/6.3.1/thumb/v7e-m/fpv4-sp/hard/crtbegin.o
 *fill*         0x000000000800021c        0x4 
 .text          0x0000000008000220       0xa0 /usr/lib/gcc/gcc-arm-none-eabi-6-2017-q2-update/bin/../lib/gcc/arm-none-eabi/6.3.1/../../../../arm-none-eabi/lib/thumb/v7e-m/fpv4-sp/hard/libc_nano.a(lib_a-memchr.o)
                0x0000000008000220                memchr
 .text          0x00000000080002c0       0x30 /usr/lib/gcc/gcc-arm-none-eabi-6-2017-q2-update/bin/../lib/gcc/arm-none-eabi/6.3.1/thumb/v7e-m/fpv4-sp/hard/libgcc.a(_aeabi_uldivmod.o)
                0x00000000080002c0                __aeabi_uldivmod
 .text          0x00000000080002f0      0x2dc /usr/lib/gcc/gcc-arm-none-eabi-6-2017-q2-update/bin/../lib/gcc/arm-none-eabi/6.3.1/thumb/v7e-m/fpv4-sp/hard/libgcc.a(_udivmoddi4.o)
                0x00000000080002f0                __udivmoddi4
 .text          0x00000000080005cc        0x4 /usr/lib/gcc/gcc-arm-none-eabi-6-2017-q2-update/bin/../lib/gcc/arm-none-eabi/6.3.1/thumb/v7e-m/fpv4-sp/hard/libgcc.a(_dvmd_tls.o)
                0x00000000080005cc                __aeabi_ldiv0
                0x00000000080005cc                __aeabi_idiv0
 *(.text*)
 .text.SystemClock_Config
                0x00000000080005d0       0x98 build/main.o
                0x00000000080005d0                SystemClock_Config
 .text.main     0x0000000008000668       0x7c build/main.o
                0x0000000008000668                main
 .text.Error_Handler
                0x00000000080006e4        0x2 build/main.o
                0x00000000080006e4                Error_Handler
 *fill*         0x00000000080006e6        0x2 
 .text.gpio_led_init
                0x00000000080006e8       0xbc build/gpio_led_init.o
                0x00000000080006e8                gpio_led_init
 .text.tim3_init
                0x00000000080007a4       0x40 build/tim_scheduing.o
                0x00000000080007a4                tim3_init
 .text.HAL_TIM_Base_MspInit
                0x00000000080007e4       0x38 build/tim_scheduing.o
                0x00000000080007e4                HAL_TIM_Base_MspInit
 .text.TIM3_IRQHandler
                0x000000000800081c       0x10 build/tim_scheduing.o
                0x000000000800081c                TIM3_IRQHandler
 .text.HAL_TIM_PeriodElapsedCallback
                0x000000000800082c       0x1c build/tim_scheduing.o
                0x000000000800082c                HAL_TIM_PeriodElapsedCallback
 .text.get_system_time
                0x0000000008000848        0xc build/tim_scheduing.o
                0x0000000008000848                get_system_time
 .text.uart8_init
                0x0000000008000854       0x38 build/uart8_config.o
                0x0000000008000854                uart8_init
 .text.HAL_UART_MspInit
                0x000000000800088c      0x120 build/uart8_config.o
                0x000000000800088c                HAL_UART_MspInit
 .text.UART8_IRQHandler
                0x00000000080009ac       0x10 build/uart8_config.o
                0x00000000080009ac                UART8_IRQHandler
 .text.DMA1_Stream0_IRQHandler
                0x00000000080009bc       0x10 build/uart8_config.o
                0x00000000080009bc                DMA1_Stream0_IRQHandler
 .text.DMA1_Stream6_IRQHandler
                0x00000000080009cc       0x10 build/uart8_config.o
                0x00000000080009cc                DMA1_Stream6_IRQHandler
 .text.debug_printf_dma
                0x00000000080009dc       0x50 build/debug_data.o
                0x00000000080009dc                debug_printf_dma
 .text.uart8_receive_init
                0x0000000008000a2c       0x2c build/debug_data.o
                0x0000000008000a2c                uart8_receive_init
 .text.HAL_UART_RxCpltCallback
                0x0000000008000a58       0x2c build/debug_data.o
                0x0000000008000a58                HAL_UART_RxCpltCallback
 .text.get_rxcbuf_data
                0x0000000008000a84       0x48 build/debug_data.o
                0x0000000008000a84                get_rxcbuf_data
 .text.uart8_transmit
                0x0000000008000acc       0x3c build/debug_data.o
                0x0000000008000acc                uart8_transmit
 .text.Cbuf_Init
                0x0000000008000b08       0x12 build/cbuf.o
                0x0000000008000b08                Cbuf_Init
 .text.Cbuf_Push
                0x0000000008000b1a       0x20 build/cbuf.o
                0x0000000008000b1a                Cbuf_Push
 .text.Cbuf_Pop
                0x0000000008000b3a       0x1a build/cbuf.o
                0x0000000008000b3a                Cbuf_Pop
 .text.NMI_Handler
                0x0000000008000b54        0x2 build/stm32f4xx_it.o
                0x0000000008000b54                NMI_Handler
 .text.HardFault_Handler
                0x0000000008000b56        0x2 build/stm32f4xx_it.o
                0x0000000008000b56                HardFault_Handler
 .text.MemManage_Handler
                0x0000000008000b58        0x2 build/stm32f4xx_it.o
                0x0000000008000b58                MemManage_Handler
 .text.BusFault_Handler
                0x0000000008000b5a        0x2 build/stm32f4xx_it.o
                0x0000000008000b5a                BusFault_Handler
 .text.UsageFault_Handler
                0x0000000008000b5c        0x2 build/stm32f4xx_it.o
                0x0000000008000b5c                UsageFault_Handler
 .text.SVC_Handler
                0x0000000008000b5e        0x2 build/stm32f4xx_it.o
                0x0000000008000b5e                SVC_Handler
 .text.DebugMon_Handler
                0x0000000008000b60        0x2 build/stm32f4xx_it.o
                0x0000000008000b60                DebugMon_Handler
 .text.PendSV_Handler
                0x0000000008000b62        0x2 build/stm32f4xx_it.o
                0x0000000008000b62                PendSV_Handler
 .text.SysTick_Handler
                0x0000000008000b64        0x8 build/stm32f4xx_it.o
                0x0000000008000b64                SysTick_Handler
 .text.HAL_MspInit
                0x0000000008000b6c       0x38 build/stm32f4xx_hal_msp.o
                0x0000000008000b6c                HAL_MspInit
 .text.HAL_TIM_Base_Start_IT
                0x0000000008000ba4       0x22 build/stm32f4xx_hal_tim.o
                0x0000000008000ba4                HAL_TIM_Base_Start_IT
 .text.HAL_TIM_OC_DelayElapsedCallback
                0x0000000008000bc6        0x2 build/stm32f4xx_hal_tim.o
                0x0000000008000bc6                HAL_TIM_OC_DelayElapsedCallback
 .text.HAL_TIM_IC_CaptureCallback
                0x0000000008000bc8        0x2 build/stm32f4xx_hal_tim.o
                0x0000000008000bc8                HAL_TIM_IC_CaptureCallback
 .text.HAL_TIM_PWM_PulseFinishedCallback
                0x0000000008000bca        0x2 build/stm32f4xx_hal_tim.o
                0x0000000008000bca                HAL_TIM_PWM_PulseFinishedCallback
 .text.HAL_TIM_TriggerCallback
                0x0000000008000bcc        0x2 build/stm32f4xx_hal_tim.o
                0x0000000008000bcc                HAL_TIM_TriggerCallback
 .text.HAL_TIM_IRQHandler
                0x0000000008000bce      0x17a build/stm32f4xx_hal_tim.o
                0x0000000008000bce                HAL_TIM_IRQHandler
 .text.TIM_Base_SetConfig
                0x0000000008000d48       0xcc build/stm32f4xx_hal_tim.o
                0x0000000008000d48                TIM_Base_SetConfig
 .text.HAL_TIM_Base_Init
                0x0000000008000e14       0x32 build/stm32f4xx_hal_tim.o
                0x0000000008000e14                HAL_TIM_Base_Init
 .text.HAL_TIMEx_CommutCallback
                0x0000000008000e46        0x2 build/stm32f4xx_hal_tim_ex.o
                0x0000000008000e46                HAL_TIMEx_CommutCallback
 .text.HAL_TIMEx_BreakCallback
                0x0000000008000e48        0x2 build/stm32f4xx_hal_tim_ex.o
                0x0000000008000e48                HAL_TIMEx_BreakCallback
 *fill*         0x0000000008000e4a        0x2 
 .text.HAL_RCC_OscConfig
                0x0000000008000e4c      0x3ec build/stm32f4xx_hal_rcc.o
                0x0000000008000e4c                HAL_RCC_OscConfig
 .text.HAL_RCC_GetSysClockFreq
                0x0000000008001238       0xa4 build/stm32f4xx_hal_rcc.o
                0x0000000008001238                HAL_RCC_GetSysClockFreq
 .text.HAL_RCC_ClockConfig
                0x00000000080012dc      0x160 build/stm32f4xx_hal_rcc.o
                0x00000000080012dc                HAL_RCC_ClockConfig
 .text.HAL_RCC_GetHCLKFreq
                0x000000000800143c        0xc build/stm32f4xx_hal_rcc.o
                0x000000000800143c                HAL_RCC_GetHCLKFreq
 .text.HAL_RCC_GetPCLK1Freq
                0x0000000008001448       0x20 build/stm32f4xx_hal_rcc.o
                0x0000000008001448                HAL_RCC_GetPCLK1Freq
 .text.HAL_RCC_GetPCLK2Freq
                0x0000000008001468       0x20 build/stm32f4xx_hal_rcc.o
                0x0000000008001468                HAL_RCC_GetPCLK2Freq
 .text.HAL_GPIO_Init
                0x0000000008001488      0x1f4 build/stm32f4xx_hal_gpio.o
                0x0000000008001488                HAL_GPIO_Init
 .text.HAL_GPIO_WritePin
                0x000000000800167c        0xc build/stm32f4xx_hal_gpio.o
                0x000000000800167c                HAL_GPIO_WritePin
 .text.HAL_GPIO_TogglePin
                0x0000000008001688       0x12 build/stm32f4xx_hal_gpio.o
                0x0000000008001688                HAL_GPIO_TogglePin
 .text.DMA_SetConfig
                0x000000000800169a       0x2c build/stm32f4xx_hal_dma.o
 *fill*         0x00000000080016c6        0x2 
 .text.DMA_CalcBaseAndBitshift
                0x00000000080016c8       0x3c build/stm32f4xx_hal_dma.o
 .text.DMA_CheckFifoParam
                0x0000000008001704       0x8e build/stm32f4xx_hal_dma.o
 *fill*         0x0000000008001792        0x2 
 .text.HAL_DMA_Init
                0x0000000008001794       0xd0 build/stm32f4xx_hal_dma.o
                0x0000000008001794                HAL_DMA_Init
 .text.HAL_DMA_Start_IT
                0x0000000008001864       0x6a build/stm32f4xx_hal_dma.o
                0x0000000008001864                HAL_DMA_Start_IT
 .text.HAL_DMA_Abort
                0x00000000080018ce       0x94 build/stm32f4xx_hal_dma.o
                0x00000000080018ce                HAL_DMA_Abort
 .text.HAL_DMA_Abort_IT
                0x0000000008001962       0x26 build/stm32f4xx_hal_dma.o
                0x0000000008001962                HAL_DMA_Abort_IT
 .text.HAL_DMA_IRQHandler
                0x0000000008001988      0x1dc build/stm32f4xx_hal_dma.o
                0x0000000008001988                HAL_DMA_IRQHandler
 .text.HAL_NVIC_SetPriorityGrouping
                0x0000000008001b64       0x24 build/stm32f4xx_hal_cortex.o
                0x0000000008001b64                HAL_NVIC_SetPriorityGrouping
 .text.HAL_NVIC_SetPriority
                0x0000000008001b88       0x64 build/stm32f4xx_hal_cortex.o
                0x0000000008001b88                HAL_NVIC_SetPriority
 .text.HAL_NVIC_EnableIRQ
                0x0000000008001bec       0x1c build/stm32f4xx_hal_cortex.o
                0x0000000008001bec                HAL_NVIC_EnableIRQ
 .text.HAL_SYSTICK_Config
                0x0000000008001c08       0x2c build/stm32f4xx_hal_cortex.o
                0x0000000008001c08                HAL_SYSTICK_Config
 .text.HAL_InitTick
                0x0000000008001c34       0x4c build/stm32f4xx_hal.o
                0x0000000008001c34                HAL_InitTick
 .text.HAL_Init
                0x0000000008001c80       0x34 build/stm32f4xx_hal.o
                0x0000000008001c80                HAL_Init
 .text.HAL_IncTick
                0x0000000008001cb4       0x18 build/stm32f4xx_hal.o
                0x0000000008001cb4                HAL_IncTick
 .text.HAL_GetTick
                0x0000000008001ccc        0xc build/stm32f4xx_hal.o
                0x0000000008001ccc                HAL_GetTick
 .text.HAL_Delay
                0x0000000008001cd8       0x28 build/stm32f4xx_hal.o
                0x0000000008001cd8                HAL_Delay
 .text.UART_EndTxTransfer
                0x0000000008001d00       0x12 build/stm32f4xx_hal_uart.o
 .text.UART_EndRxTransfer
                0x0000000008001d12       0x1c build/stm32f4xx_hal_uart.o
 .text.UART_Transmit_IT
                0x0000000008001d2e       0x6a build/stm32f4xx_hal_uart.o
 .text.UART_SetConfig
                0x0000000008001d98      0x1d4 build/stm32f4xx_hal_uart.o
 .text.HAL_UART_Init
                0x0000000008001f6c       0x5e build/stm32f4xx_hal_uart.o
                0x0000000008001f6c                HAL_UART_Init
 *fill*         0x0000000008001fca        0x2 
 .text.HAL_UART_Transmit_DMA
                0x0000000008001fcc       0x8c build/stm32f4xx_hal_uart.o
                0x0000000008001fcc                HAL_UART_Transmit_DMA
 .text.HAL_UART_Receive_DMA
                0x0000000008002058       0xa8 build/stm32f4xx_hal_uart.o
                0x0000000008002058                HAL_UART_Receive_DMA
 .text.HAL_UART_DMAStop
                0x0000000008002100       0x64 build/stm32f4xx_hal_uart.o
                0x0000000008002100                HAL_UART_DMAStop
 .text.HAL_UART_TxCpltCallback
                0x0000000008002164        0x2 build/stm32f4xx_hal_uart.o
                0x0000000008002164                HAL_UART_TxCpltCallback
 .text.UART_DMATransmitCplt
                0x0000000008002166       0x30 build/stm32f4xx_hal_uart.o
 .text.UART_EndTransmit_IT
                0x0000000008002196       0x1a build/stm32f4xx_hal_uart.o
 .text.HAL_UART_TxHalfCpltCallback
                0x00000000080021b0        0x2 build/stm32f4xx_hal_uart.o
                0x00000000080021b0                HAL_UART_TxHalfCpltCallback
 .text.UART_DMATxHalfCplt
                0x00000000080021b2        0xa build/stm32f4xx_hal_uart.o
 .text.UART_DMAReceiveCplt
                0x00000000080021bc       0x3e build/stm32f4xx_hal_uart.o
 .text.UART_Receive_IT
                0x00000000080021fa       0x9e build/stm32f4xx_hal_uart.o
 .text.HAL_UART_RxHalfCpltCallback
                0x0000000008002298        0x2 build/stm32f4xx_hal_uart.o
                0x0000000008002298                HAL_UART_RxHalfCpltCallback
 .text.UART_DMARxHalfCplt
                0x000000000800229a        0xa build/stm32f4xx_hal_uart.o
 .text.HAL_UART_ErrorCallback
                0x00000000080022a4        0x2 build/stm32f4xx_hal_uart.o
                0x00000000080022a4                HAL_UART_ErrorCallback
 .text.UART_DMAError
                0x00000000080022a6       0x58 build/stm32f4xx_hal_uart.o
 *fill*         0x00000000080022fe        0x2 
 .text.HAL_UART_IRQHandler
                0x0000000008002300      0x128 build/stm32f4xx_hal_uart.o
                0x0000000008002300                HAL_UART_IRQHandler
 .text.UART_DMAAbortOnError
                0x0000000008002428       0x10 build/stm32f4xx_hal_uart.o
 .text.SystemInit
                0x0000000008002438       0x1c build/system_stm32f4xx.o
                0x0000000008002438                SystemInit
 .text.Reset_Handler
                0x0000000008002454       0x50 build/startup_stm32f427xx.o
                0x0000000008002454                Reset_Handler
 .text.Default_Handler
                0x00000000080024a4        0x2 build/startup_stm32f427xx.o
                0x00000000080024a4                RTC_Alarm_IRQHandler
                0x00000000080024a4                HASH_RNG_IRQHandler
                0x00000000080024a4                EXTI2_IRQHandler
                0x00000000080024a4                TIM8_CC_IRQHandler
                0x00000000080024a4                SPI4_IRQHandler
                0x00000000080024a4                TIM1_CC_IRQHandler
                0x00000000080024a4                DMA2_Stream5_IRQHandler
                0x00000000080024a4                DMA1_Stream5_IRQHandler
                0x00000000080024a4                PVD_IRQHandler
                0x00000000080024a4                SDIO_IRQHandler
                0x00000000080024a4                TAMP_STAMP_IRQHandler
                0x00000000080024a4                CAN2_RX1_IRQHandler
                0x00000000080024a4                EXTI3_IRQHandler
                0x00000000080024a4                TIM8_TRG_COM_TIM14_IRQHandler
                0x00000000080024a4                TIM1_UP_TIM10_IRQHandler
                0x00000000080024a4                TIM8_UP_TIM13_IRQHandler
                0x00000000080024a4                I2C3_ER_IRQHandler
                0x00000000080024a4                EXTI0_IRQHandler
                0x00000000080024a4                I2C2_EV_IRQHandler
                0x00000000080024a4                DMA1_Stream2_IRQHandler
                0x00000000080024a4                CAN1_RX0_IRQHandler
                0x00000000080024a4                FPU_IRQHandler
                0x00000000080024a4                OTG_HS_WKUP_IRQHandler
                0x00000000080024a4                CAN2_SCE_IRQHandler
                0x00000000080024a4                DMA2_Stream2_IRQHandler
                0x00000000080024a4                SPI1_IRQHandler
                0x00000000080024a4                TIM6_DAC_IRQHandler
                0x00000000080024a4                TIM1_BRK_TIM9_IRQHandler
                0x00000000080024a4                DCMI_IRQHandler
                0x00000000080024a4                CAN2_RX0_IRQHandler
                0x00000000080024a4                DMA2_Stream3_IRQHandler
                0x00000000080024a4                USART6_IRQHandler
                0x00000000080024a4                USART3_IRQHandler
                0x00000000080024a4                CAN1_RX1_IRQHandler
                0x00000000080024a4                UART5_IRQHandler
                0x00000000080024a4                DMA2_Stream0_IRQHandler
                0x00000000080024a4                TIM4_IRQHandler
                0x00000000080024a4                I2C1_EV_IRQHandler
                0x00000000080024a4                DMA1_Stream1_IRQHandler
                0x00000000080024a4                UART4_IRQHandler
                0x00000000080024a4                RCC_IRQHandler
                0x00000000080024a4                TIM8_BRK_TIM12_IRQHandler
                0x00000000080024a4                Default_Handler
                0x00000000080024a4                EXTI15_10_IRQHandler
                0x00000000080024a4                ADC_IRQHandler
                0x00000000080024a4                DMA1_Stream7_IRQHandler
                0x00000000080024a4                SPI5_IRQHandler
                0x00000000080024a4                TIM7_IRQHandler
                0x00000000080024a4                CAN2_TX_IRQHandler
                0x00000000080024a4                TIM5_IRQHandler
                0x00000000080024a4                DMA2_Stream7_IRQHandler
                0x00000000080024a4                I2C3_EV_IRQHandler
                0x00000000080024a4                EXTI9_5_IRQHandler
                0x00000000080024a4                RTC_WKUP_IRQHandler
                0x00000000080024a4                ETH_WKUP_IRQHandler
                0x00000000080024a4                SPI2_IRQHandler
                0x00000000080024a4                OTG_HS_EP1_IN_IRQHandler
                0x00000000080024a4                CAN1_TX_IRQHandler
                0x00000000080024a4                EXTI4_IRQHandler
                0x00000000080024a4                ETH_IRQHandler
                0x00000000080024a4                OTG_HS_EP1_OUT_IRQHandler
                0x00000000080024a4                WWDG_IRQHandler
                0x00000000080024a4                SPI6_IRQHandler
                0x00000000080024a4                TIM2_IRQHandler
                0x00000000080024a4                OTG_FS_WKUP_IRQHandler
                0x00000000080024a4                TIM1_TRG_COM_TIM11_IRQHandler
                0x00000000080024a4                OTG_HS_IRQHandler
                0x00000000080024a4                DMA2D_IRQHandler
                0x00000000080024a4                EXTI1_IRQHandler
                0x00000000080024a4                UART7_IRQHandler
                0x00000000080024a4                USART2_IRQHandler
                0x00000000080024a4                I2C2_ER_IRQHandler
                0x00000000080024a4                DMA2_Stream1_IRQHandler
                0x00000000080024a4                CAN1_SCE_IRQHandler
                0x00000000080024a4                FLASH_IRQHandler
                0x00000000080024a4                DMA2_Stream4_IRQHandler
                0x00000000080024a4                USART1_IRQHandler
                0x00000000080024a4                OTG_FS_IRQHandler
                0x00000000080024a4                SPI3_IRQHandler
                0x00000000080024a4                DMA1_Stream4_IRQHandler
                0x00000000080024a4                I2C1_ER_IRQHandler
                0x00000000080024a4                FMC_IRQHandler
                0x00000000080024a4                DMA2_Stream6_IRQHandler
                0x00000000080024a4                SAI1_IRQHandler
                0x00000000080024a4                DMA1_Stream3_IRQHandler
 *fill*         0x00000000080024a6        0x2 
 .text.__libc_init_array
                0x00000000080024a8       0x48 /usr/lib/gcc/gcc-arm-none-eabi-6-2017-q2-update/bin/../lib/gcc/arm-none-eabi/6.3.1/../../../../arm-none-eabi/lib/thumb/v7e-m/fpv4-sp/hard/libc_nano.a(lib_a-init.o)
                0x00000000080024a8                __libc_init_array
 .text.memset   0x00000000080024f0       0x10 /usr/lib/gcc/gcc-arm-none-eabi-6-2017-q2-update/bin/../lib/gcc/arm-none-eabi/6.3.1/../../../../arm-none-eabi/lib/thumb/v7e-m/fpv4-sp/hard/libc_nano.a(lib_a-memset.o)
                0x00000000080024f0                memset
 .text._vsnprintf_r
                0x0000000008002500       0x58 /usr/lib/gcc/gcc-arm-none-eabi-6-2017-q2-update/bin/../lib/gcc/arm-none-eabi/6.3.1/../../../../arm-none-eabi/lib/thumb/v7e-m/fpv4-sp/hard/libc_nano.a(lib_a-vsnprintf.o)
                0x0000000008002500                _vsnprintf_r
                0x0000000008002500                _vsniprintf_r
 .text.vsnprintf
                0x0000000008002558       0x1c /usr/lib/gcc/gcc-arm-none-eabi-6-2017-q2-update/bin/../lib/gcc/arm-none-eabi/6.3.1/../../../../arm-none-eabi/lib/thumb/v7e-m/fpv4-sp/hard/libc_nano.a(lib_a-vsnprintf.o)
                0x0000000008002558                vsnprintf
                0x0000000008002558                vsniprintf
 .text.__ssputs_r
                0x0000000008002574       0xb6 /usr/lib/gcc/gcc-arm-none-eabi-6-2017-q2-update/bin/../lib/gcc/arm-none-eabi/6.3.1/../../../../arm-none-eabi/lib/thumb/v7e-m/fpv4-sp/hard/libc_nano.a(lib_a-nano-svfprintf.o)
                0x0000000008002574                __ssputs_r
 *fill*         0x000000000800262a        0x2 
 .text._svfprintf_r
                0x000000000800262c      0x1e8 /usr/lib/gcc/gcc-arm-none-eabi-6-2017-q2-update/bin/../lib/gcc/arm-none-eabi/6.3.1/../../../../arm-none-eabi/lib/thumb/v7e-m/fpv4-sp/hard/libc_nano.a(lib_a-nano-svfprintf.o)
                0x000000000800262c                _svfprintf_r
                0x000000000800262c                _svfiprintf_r
 .text._printf_common
                0x0000000008002814       0xec /usr/lib/gcc/gcc-arm-none-eabi-6-2017-q2-update/bin/../lib/gcc/arm-none-eabi/6.3.1/../../../../arm-none-eabi/lib/thumb/v7e-m/fpv4-sp/hard/libc_nano.a(lib_a-nano-vfprintf_i.o)
                0x0000000008002814                _printf_common
 .text._printf_i
                0x0000000008002900      0x240 /usr/lib/gcc/gcc-arm-none-eabi-6-2017-q2-update/bin/../lib/gcc/arm-none-eabi/6.3.1/../../../../arm-none-eabi/lib/thumb/v7e-m/fpv4-sp/hard/libc_nano.a(lib_a-nano-vfprintf_i.o)
                0x0000000008002900                _printf_i
 .text.memcpy   0x0000000008002b40       0x16 /usr/lib/gcc/gcc-arm-none-eabi-6-2017-q2-update/bin/../lib/gcc/arm-none-eabi/6.3.1/../../../../arm-none-eabi/lib/thumb/v7e-m/fpv4-sp/hard/libc_nano.a(lib_a-memcpy-stub.o)
                0x0000000008002b40                memcpy
 .text.memmove  0x0000000008002b56       0x34 /usr/lib/gcc/gcc-arm-none-eabi-6-2017-q2-update/bin/../lib/gcc/arm-none-eabi/6.3.1/../../../../arm-none-eabi/lib/thumb/v7e-m/fpv4-sp/hard/libc_nano.a(lib_a-memmove.o)
                0x0000000008002b56                memmove
 *fill*         0x0000000008002b8a        0x2 
 .text._free_r  0x0000000008002b8c       0x9c /usr/lib/gcc/gcc-arm-none-eabi-6-2017-q2-update/bin/../lib/gcc/arm-none-eabi/6.3.1/../../../../arm-none-eabi/lib/thumb/v7e-m/fpv4-sp/hard/libc_nano.a(lib_a-nano-freer.o)
                0x0000000008002b8c                _free_r
 .text._malloc_r
                0x0000000008002c28       0xbc /usr/lib/gcc/gcc-arm-none-eabi-6-2017-q2-update/bin/../lib/gcc/arm-none-eabi/6.3.1/../../../../arm-none-eabi/lib/thumb/v7e-m/fpv4-sp/hard/libc_nano.a(lib_a-nano-mallocr.o)
                0x0000000008002c28                _malloc_r
 .text._realloc_r
                0x0000000008002ce4       0x4c /usr/lib/gcc/gcc-arm-none-eabi-6-2017-q2-update/bin/../lib/gcc/arm-none-eabi/6.3.1/../../../../arm-none-eabi/lib/thumb/v7e-m/fpv4-sp/hard/libc_nano.a(lib_a-nano-reallocr.o)
                0x0000000008002ce4                _realloc_r
 .text._sbrk_r  0x0000000008002d30       0x20 /usr/lib/gcc/gcc-arm-none-eabi-6-2017-q2-update/bin/../lib/gcc/arm-none-eabi/6.3.1/../../../../arm-none-eabi/lib/thumb/v7e-m/fpv4-sp/hard/libc_nano.a(lib_a-sbrkr.o)
                0x0000000008002d30                _sbrk_r
 .text.__malloc_lock
                0x0000000008002d50        0x2 /usr/lib/gcc/gcc-arm-none-eabi-6-2017-q2-update/bin/../lib/gcc/arm-none-eabi/6.3.1/../../../../arm-none-eabi/lib/thumb/v7e-m/fpv4-sp/hard/libc_nano.a(lib_a-mlock.o)
                0x0000000008002d50                __malloc_lock
 .text.__malloc_unlock
                0x0000000008002d52        0x2 /usr/lib/gcc/gcc-arm-none-eabi-6-2017-q2-update/bin/../lib/gcc/arm-none-eabi/6.3.1/../../../../arm-none-eabi/lib/thumb/v7e-m/fpv4-sp/hard/libc_nano.a(lib_a-mlock.o)
                0x0000000008002d52                __malloc_unlock
 .text._malloc_usable_size_r
                0x0000000008002d54       0x12 /usr/lib/gcc/gcc-arm-none-eabi-6-2017-q2-update/bin/../lib/gcc/arm-none-eabi/6.3.1/../../../../arm-none-eabi/lib/thumb/v7e-m/fpv4-sp/hard/libc_nano.a(lib_a-nano-msizer.o)
                0x0000000008002d54                _malloc_usable_size_r
 *fill*         0x0000000008002d66        0x2 
 .text._sbrk    0x0000000008002d68       0x1c /usr/lib/gcc/gcc-arm-none-eabi-6-2017-q2-update/bin/../lib/gcc/arm-none-eabi/6.3.1/../../../../arm-none-eabi/lib/thumb/v7e-m/fpv4-sp/hard/libnosys.a(sbrk.o)
                0x0000000008002d68                _sbrk
 *(.glue_7)
 .glue_7        0x0000000008002d84        0x0 linker stubs
 *(.glue_7t)
 .glue_7t       0x0000000008002d84        0x0 linker stubs
 *(.eh_frame)
 .eh_frame      0x0000000008002d84        0x0 /usr/lib/gcc/gcc-arm-none-eabi-6-2017-q2-update/bin/../lib/gcc/arm-none-eabi/6.3.1/thumb/v7e-m/fpv4-sp/hard/crtbegin.o
 *(.init)
 .init          0x0000000008002d84        0x4 /usr/lib/gcc/gcc-arm-none-eabi-6-2017-q2-update/bin/../lib/gcc/arm-none-eabi/6.3.1/thumb/v7e-m/fpv4-sp/hard/crti.o
                0x0000000008002d84                _init
 .init          0x0000000008002d88        0x8 /usr/lib/gcc/gcc-arm-none-eabi-6-2017-q2-update/bin/../lib/gcc/arm-none-eabi/6.3.1/thumb/v7e-m/fpv4-sp/hard/crtn.o
 *(.fini)
 .fini          0x0000000008002d90        0x4 /usr/lib/gcc/gcc-arm-none-eabi-6-2017-q2-update/bin/../lib/gcc/arm-none-eabi/6.3.1/thumb/v7e-m/fpv4-sp/hard/crti.o
                0x0000000008002d90                _fini
 .fini          0x0000000008002d94        0x8 /usr/lib/gcc/gcc-arm-none-eabi-6-2017-q2-update/bin/../lib/gcc/arm-none-eabi/6.3.1/thumb/v7e-m/fpv4-sp/hard/crtn.o
                0x0000000008002d9c                . = ALIGN (0x4)
                0x0000000008002d9c                _etext = .

.vfp11_veneer   0x0000000008002d9c        0x0
 .vfp11_veneer  0x0000000008002d9c        0x0 linker stubs

.v4_bx          0x0000000008002d9c        0x0
 .v4_bx         0x0000000008002d9c        0x0 linker stubs

.iplt           0x0000000008002d9c        0x0
 .iplt          0x0000000008002d9c        0x0 /usr/lib/gcc/gcc-arm-none-eabi-6-2017-q2-update/bin/../lib/gcc/arm-none-eabi/6.3.1/thumb/v7e-m/fpv4-sp/hard/crtbegin.o

.rodata         0x0000000008002d9c       0x60
                0x0000000008002d9c                . = ALIGN (0x4)
 *(.rodata)
 *(.rodata*)
 .rodata.main.str1.4
                0x0000000008002d9c        0xc build/main.o
 .rodata.flagBitshiftOffset.8407
                0x0000000008002da8        0x8 build/stm32f4xx_hal_dma.o
 .rodata.AHBPrescTable
                0x0000000008002db0       0x10 build/system_stm32f4xx.o
                0x0000000008002db0                AHBPrescTable
 .rodata.APBPrescTable
                0x0000000008002dc0        0x8 build/system_stm32f4xx.o
                0x0000000008002dc0                APBPrescTable
 .rodata._svfprintf_r.str1.1
                0x0000000008002dc8       0x11 /usr/lib/gcc/gcc-arm-none-eabi-6-2017-q2-update/bin/../lib/gcc/arm-none-eabi/6.3.1/../../../../arm-none-eabi/lib/thumb/v7e-m/fpv4-sp/hard/libc_nano.a(lib_a-nano-svfprintf.o)
 .rodata._printf_i.str1.1
                0x0000000008002dd9       0x22 /usr/lib/gcc/gcc-arm-none-eabi-6-2017-q2-update/bin/../lib/gcc/arm-none-eabi/6.3.1/../../../../arm-none-eabi/lib/thumb/v7e-m/fpv4-sp/hard/libc_nano.a(lib_a-nano-vfprintf_i.o)
                0x0000000008002dfc                . = ALIGN (0x4)
 *fill*         0x0000000008002dfb        0x1 

.ARM.extab
 *(.ARM.extab* .gnu.linkonce.armextab.*)

.ARM            0x0000000008002dfc        0x8
                0x0000000008002dfc                __exidx_start = .
 *(.ARM.exidx*)
 .ARM.exidx     0x0000000008002dfc        0x8 /usr/lib/gcc/gcc-arm-none-eabi-6-2017-q2-update/bin/../lib/gcc/arm-none-eabi/6.3.1/thumb/v7e-m/fpv4-sp/hard/libgcc.a(_udivmoddi4.o)
                0x0000000008002e04                __exidx_end = .

.rel.dyn        0x0000000008002e04        0x0
 .rel.iplt      0x0000000008002e04        0x0 /usr/lib/gcc/gcc-arm-none-eabi-6-2017-q2-update/bin/../lib/gcc/arm-none-eabi/6.3.1/thumb/v7e-m/fpv4-sp/hard/crtbegin.o

.preinit_array  0x0000000008002e04        0x0
                0x0000000008002e04                PROVIDE (__preinit_array_start, .)
 *(.preinit_array*)
                0x0000000008002e04                PROVIDE (__preinit_array_end, .)

.init_array     0x0000000008002e04        0x4
                0x0000000008002e04                PROVIDE (__init_array_start, .)
 *(SORT(.init_array.*))
 *(.init_array*)
 .init_array    0x0000000008002e04        0x4 /usr/lib/gcc/gcc-arm-none-eabi-6-2017-q2-update/bin/../lib/gcc/arm-none-eabi/6.3.1/thumb/v7e-m/fpv4-sp/hard/crtbegin.o
                0x0000000008002e08                PROVIDE (__init_array_end, .)

.fini_array     0x0000000008002e08        0x4
                [!provide]                        PROVIDE (__fini_array_start, .)
 *(SORT(.fini_array.*))
 *(.fini_array*)
 .fini_array    0x0000000008002e08        0x4 /usr/lib/gcc/gcc-arm-none-eabi-6-2017-q2-update/bin/../lib/gcc/arm-none-eabi/6.3.1/thumb/v7e-m/fpv4-sp/hard/crtbegin.o
                [!provide]                        PROVIDE (__fini_array_end, .)
                0x0000000008002e0c                _sidata = LOADADDR (.data)

.data           0x0000000020000000       0x70 load address 0x0000000008002e0c
                0x0000000020000000                . = ALIGN (0x4)
                0x0000000020000000                _sdata = .
 *(.data)
 *(.data*)
 .data.uwTickFreq
                0x0000000020000000        0x1 build/stm32f4xx_hal.o
                0x0000000020000000                uwTickFreq
 *fill*         0x0000000020000001        0x3 
 .data.uwTickPrio
                0x0000000020000004        0x4 build/stm32f4xx_hal.o
                0x0000000020000004                uwTickPrio
 .data.SystemCoreClock
                0x0000000020000008        0x4 build/system_stm32f4xx.o
                0x0000000020000008                SystemCoreClock
 .data._impure_ptr
                0x000000002000000c        0x4 /usr/lib/gcc/gcc-arm-none-eabi-6-2017-q2-update/bin/../lib/gcc/arm-none-eabi/6.3.1/../../../../arm-none-eabi/lib/thumb/v7e-m/fpv4-sp/hard/libc_nano.a(lib_a-impure.o)
                0x000000002000000c                _impure_ptr
 .data.impure_data
                0x0000000020000010       0x60 /usr/lib/gcc/gcc-arm-none-eabi-6-2017-q2-update/bin/../lib/gcc/arm-none-eabi/6.3.1/../../../../arm-none-eabi/lib/thumb/v7e-m/fpv4-sp/hard/libc_nano.a(lib_a-impure.o)
                0x0000000020000070                . = ALIGN (0x4)
                0x0000000020000070                _edata = .
                0x0000000008002e7c                _siccmram = LOADADDR (.ccmram)

.jcr            0x0000000020000070        0x0 load address 0x0000000008002e7c
 .jcr           0x0000000020000070        0x0 /usr/lib/gcc/gcc-arm-none-eabi-6-2017-q2-update/bin/../lib/gcc/arm-none-eabi/6.3.1/thumb/v7e-m/fpv4-sp/hard/crtbegin.o

.igot.plt       0x0000000020000070        0x0 load address 0x0000000008002e7c
 .igot.plt      0x0000000020000070        0x0 /usr/lib/gcc/gcc-arm-none-eabi-6-2017-q2-update/bin/../lib/gcc/arm-none-eabi/6.3.1/thumb/v7e-m/fpv4-sp/hard/crtbegin.o

.ccmram         0x0000000010000000        0x0 load address 0x0000000008002e7c
                0x0000000010000000                . = ALIGN (0x4)
                0x0000000010000000                _sccmram = .
 *(.ccmram)
 *(.ccmram*)
                0x0000000010000000                . = ALIGN (0x4)
                0x0000000010000000                _eccmram = .
                0x0000000010000000                . = ALIGN (0x4)

.bss            0x0000000020000070     0x229c
                0x0000000020000070                _sbss = .
                0x0000000020000070                __bss_start__ = _sbss
 *(.bss)
 .bss           0x0000000020000070       0x1c /usr/lib/gcc/gcc-arm-none-eabi-6-2017-q2-update/bin/../lib/gcc/arm-none-eabi/6.3.1/thumb/v7e-m/fpv4-sp/hard/crtbegin.o
 *(.bss*)
 .bss.system_time
                0x000000002000008c        0x4 build/tim_scheduing.o
 .bss.rx_buf    0x0000000020000090       0x10 build/debug_data.o
                0x0000000020000090                rx_buf
 .bss.tx_buf.10436
                0x00000000200000a0       0xff build/debug_data.o
 *fill*         0x000000002000019f        0x1 
 .bss.uart8_rx_buf
                0x00000000200001a0     0x100c build/debug_data.o
 .bss.uart8_tx_buf
                0x00000000200011ac     0x100c build/debug_data.o
 .bss.__malloc_free_list
                0x00000000200021b8        0x4 /usr/lib/gcc/gcc-arm-none-eabi-6-2017-q2-update/bin/../lib/gcc/arm-none-eabi/6.3.1/../../../../arm-none-eabi/lib/thumb/v7e-m/fpv4-sp/hard/libc_nano.a(lib_a-nano-mallocr.o)
                0x00000000200021b8                __malloc_free_list
 .bss.__malloc_sbrk_start
                0x00000000200021bc        0x4 /usr/lib/gcc/gcc-arm-none-eabi-6-2017-q2-update/bin/../lib/gcc/arm-none-eabi/6.3.1/../../../../arm-none-eabi/lib/thumb/v7e-m/fpv4-sp/hard/libc_nano.a(lib_a-nano-mallocr.o)
                0x00000000200021bc                __malloc_sbrk_start
 .bss.heap_end.5239
                0x00000000200021c0        0x4 /usr/lib/gcc/gcc-arm-none-eabi-6-2017-q2-update/bin/../lib/gcc/arm-none-eabi/6.3.1/../../../../arm-none-eabi/lib/thumb/v7e-m/fpv4-sp/hard/libnosys.a(sbrk.o)
 *(COMMON)
 COMMON         0x00000000200021c4       0x40 build/tim_scheduing.o
                0x00000000200021c4                Tim3initStruct
 COMMON         0x0000000020002204      0x100 build/uart8_config.o
                0x0000000020002204                hdma_uart8_rx
                0x0000000020002264                hdma_uart8_tx
                0x00000000200022c4                huart8
 COMMON         0x0000000020002304        0x4 build/stm32f4xx_hal.o
                0x0000000020002304                uwTick
 COMMON         0x0000000020002308        0x4 /usr/lib/gcc/gcc-arm-none-eabi-6-2017-q2-update/bin/../lib/gcc/arm-none-eabi/6.3.1/../../../../arm-none-eabi/lib/thumb/v7e-m/fpv4-sp/hard/libc_nano.a(lib_a-reent.o)
                0x0000000020002308                errno
                0x000000002000230c                . = ALIGN (0x4)
                0x000000002000230c                _ebss = .
                0x000000002000230c                __bss_end__ = _ebss

._user_heap_stack
                0x000000002000230c      0x604
                0x0000000020002310                . = ALIGN (0x8)
 *fill*         0x000000002000230c        0x4 
                0x0000000020002310                PROVIDE (end, .)
                [!provide]                        PROVIDE (_end, .)
                0x0000000020002510                . = (. + _Min_Heap_Size)
 *fill*         0x0000000020002310      0x200 
                0x0000000020002910                . = (. + _Min_Stack_Size)
 *fill*         0x0000000020002510      0x400 
                0x0000000020002910                . = ALIGN (0x8)

/DISCARD/
 libc.a(*)
 libm.a(*)
 libgcc.a(*)

.ARM.attributes
                0x0000000000000000       0x30
 *(.ARM.attributes)
 .ARM.attributes
                0x0000000000000000       0x22 /usr/lib/gcc/gcc-arm-none-eabi-6-2017-q2-update/bin/../lib/gcc/arm-none-eabi/6.3.1/thumb/v7e-m/fpv4-sp/hard/crti.o
 .ARM.attributes
                0x0000000000000022       0x34 /usr/lib/gcc/gcc-arm-none-eabi-6-2017-q2-update/bin/../lib/gcc/arm-none-eabi/6.3.1/thumb/v7e-m/fpv4-sp/hard/crtbegin.o
 .ARM.attributes
                0x0000000000000056       0x39 build/main.o
 .ARM.attributes
                0x000000000000008f       0x39 build/gpio_led_init.o
 .ARM.attributes
                0x00000000000000c8       0x39 build/tim_scheduing.o
 .ARM.attributes
                0x0000000000000101       0x39 build/uart8_config.o
 .ARM.attributes
                0x000000000000013a       0x39 build/debug_data.o
 .ARM.attributes
                0x0000000000000173       0x39 build/cbuf.o
 .ARM.attributes
                0x00000000000001ac       0x39 build/stm32f4xx_it.o
 .ARM.attributes
                0x00000000000001e5       0x39 build/stm32f4xx_hal_msp.o
 .ARM.attributes
                0x000000000000021e       0x39 build/stm32f4xx_hal_tim.o
 .ARM.attributes
                0x0000000000000257       0x39 build/stm32f4xx_hal_tim_ex.o
 .ARM.attributes
                0x0000000000000290       0x39 build/stm32f4xx_hal_rcc.o
 .ARM.attributes
                0x00000000000002c9       0x39 build/stm32f4xx_hal_gpio.o
 .ARM.attributes
                0x0000000000000302       0x39 build/stm32f4xx_hal_dma.o
 .ARM.attributes
                0x000000000000033b       0x39 build/stm32f4xx_hal_cortex.o
 .ARM.attributes
                0x0000000000000374       0x39 build/stm32f4xx_hal.o
 .ARM.attributes
                0x00000000000003ad       0x39 build/stm32f4xx_hal_uart.o
 .ARM.attributes
                0x00000000000003e6       0x39 build/system_stm32f4xx.o
 .ARM.attributes
                0x000000000000041f       0x21 build/startup_stm32f427xx.o
 .ARM.attributes
                0x0000000000000440       0x34 /usr/lib/gcc/gcc-arm-none-eabi-6-2017-q2-update/bin/../lib/gcc/arm-none-eabi/6.3.1/../../../../arm-none-eabi/lib/thumb/v7e-m/fpv4-sp/hard/libc_nano.a(lib_a-impure.o)
 .ARM.attributes
                0x0000000000000474       0x34 /usr/lib/gcc/gcc-arm-none-eabi-6-2017-q2-update/bin/../lib/gcc/arm-none-eabi/6.3.1/../../../../arm-none-eabi/lib/thumb/v7e-m/fpv4-sp/hard/libc_nano.a(lib_a-init.o)
 .ARM.attributes
                0x00000000000004a8       0x34 /usr/lib/gcc/gcc-arm-none-eabi-6-2017-q2-update/bin/../lib/gcc/arm-none-eabi/6.3.1/../../../../arm-none-eabi/lib/thumb/v7e-m/fpv4-sp/hard/libc_nano.a(lib_a-memset.o)
 .ARM.attributes
                0x00000000000004dc       0x34 /usr/lib/gcc/gcc-arm-none-eabi-6-2017-q2-update/bin/../lib/gcc/arm-none-eabi/6.3.1/../../../../arm-none-eabi/lib/thumb/v7e-m/fpv4-sp/hard/libc_nano.a(lib_a-vsnprintf.o)
 .ARM.attributes
                0x0000000000000510       0x34 /usr/lib/gcc/gcc-arm-none-eabi-6-2017-q2-update/bin/../lib/gcc/arm-none-eabi/6.3.1/../../../../arm-none-eabi/lib/thumb/v7e-m/fpv4-sp/hard/libc_nano.a(lib_a-nano-svfprintf.o)
 .ARM.attributes
                0x0000000000000544       0x34 /usr/lib/gcc/gcc-arm-none-eabi-6-2017-q2-update/bin/../lib/gcc/arm-none-eabi/6.3.1/../../../../arm-none-eabi/lib/thumb/v7e-m/fpv4-sp/hard/libc_nano.a(lib_a-nano-vfprintf_i.o)
 .ARM.attributes
                0x0000000000000578       0x20 /usr/lib/gcc/gcc-arm-none-eabi-6-2017-q2-update/bin/../lib/gcc/arm-none-eabi/6.3.1/../../../../arm-none-eabi/lib/thumb/v7e-m/fpv4-sp/hard/libc_nano.a(lib_a-memchr.o)
 .ARM.attributes
                0x0000000000000598       0x34 /usr/lib/gcc/gcc-arm-none-eabi-6-2017-q2-update/bin/../lib/gcc/arm-none-eabi/6.3.1/../../../../arm-none-eabi/lib/thumb/v7e-m/fpv4-sp/hard/libc_nano.a(lib_a-memcpy-stub.o)
 .ARM.attributes
                0x00000000000005cc       0x34 /usr/lib/gcc/gcc-arm-none-eabi-6-2017-q2-update/bin/../lib/gcc/arm-none-eabi/6.3.1/../../../../arm-none-eabi/lib/thumb/v7e-m/fpv4-sp/hard/libc_nano.a(lib_a-memmove.o)
 .ARM.attributes
                0x0000000000000600       0x34 /usr/lib/gcc/gcc-arm-none-eabi-6-2017-q2-update/bin/../lib/gcc/arm-none-eabi/6.3.1/../../../../arm-none-eabi/lib/thumb/v7e-m/fpv4-sp/hard/libc_nano.a(lib_a-nano-freer.o)
 .ARM.attributes
                0x0000000000000634       0x34 /usr/lib/gcc/gcc-arm-none-eabi-6-2017-q2-update/bin/../lib/gcc/arm-none-eabi/6.3.1/../../../../arm-none-eabi/lib/thumb/v7e-m/fpv4-sp/hard/libc_nano.a(lib_a-nano-mallocr.o)
 .ARM.attributes
                0x0000000000000668       0x34 /usr/lib/gcc/gcc-arm-none-eabi-6-2017-q2-update/bin/../lib/gcc/arm-none-eabi/6.3.1/../../../../arm-none-eabi/lib/thumb/v7e-m/fpv4-sp/hard/libc_nano.a(lib_a-nano-reallocr.o)
 .ARM.attributes
                0x000000000000069c       0x34 /usr/lib/gcc/gcc-arm-none-eabi-6-2017-q2-update/bin/../lib/gcc/arm-none-eabi/6.3.1/../../../../arm-none-eabi/lib/thumb/v7e-m/fpv4-sp/hard/libc_nano.a(lib_a-sbrkr.o)
 .ARM.attributes
                0x00000000000006d0       0x34 /usr/lib/gcc/gcc-arm-none-eabi-6-2017-q2-update/bin/../lib/gcc/arm-none-eabi/6.3.1/../../../../arm-none-eabi/lib/thumb/v7e-m/fpv4-sp/hard/libc_nano.a(lib_a-mlock.o)
 .ARM.attributes
                0x0000000000000704       0x34 /usr/lib/gcc/gcc-arm-none-eabi-6-2017-q2-update/bin/../lib/gcc/arm-none-eabi/6.3.1/../../../../arm-none-eabi/lib/thumb/v7e-m/fpv4-sp/hard/libc_nano.a(lib_a-nano-msizer.o)
 .ARM.attributes
                0x0000000000000738       0x34 /usr/lib/gcc/gcc-arm-none-eabi-6-2017-q2-update/bin/../lib/gcc/arm-none-eabi/6.3.1/../../../../arm-none-eabi/lib/thumb/v7e-m/fpv4-sp/hard/libc_nano.a(lib_a-reent.o)
 .ARM.attributes
                0x000000000000076c       0x34 /usr/lib/gcc/gcc-arm-none-eabi-6-2017-q2-update/bin/../lib/gcc/arm-none-eabi/6.3.1/../../../../arm-none-eabi/lib/thumb/v7e-m/fpv4-sp/hard/libnosys.a(sbrk.o)
 .ARM.attributes
                0x00000000000007a0       0x22 /usr/lib/gcc/gcc-arm-none-eabi-6-2017-q2-update/bin/../lib/gcc/arm-none-eabi/6.3.1/thumb/v7e-m/fpv4-sp/hard/libgcc.a(_aeabi_uldivmod.o)
 .ARM.attributes
                0x00000000000007c2       0x34 /usr/lib/gcc/gcc-arm-none-eabi-6-2017-q2-update/bin/../lib/gcc/arm-none-eabi/6.3.1/thumb/v7e-m/fpv4-sp/hard/libgcc.a(_udivmoddi4.o)
 .ARM.attributes
                0x00000000000007f6       0x22 /usr/lib/gcc/gcc-arm-none-eabi-6-2017-q2-update/bin/../lib/gcc/arm-none-eabi/6.3.1/thumb/v7e-m/fpv4-sp/hard/libgcc.a(_dvmd_tls.o)
 .ARM.attributes
                0x0000000000000818       0x22 /usr/lib/gcc/gcc-arm-none-eabi-6-2017-q2-update/bin/../lib/gcc/arm-none-eabi/6.3.1/thumb/v7e-m/fpv4-sp/hard/crtn.o
OUTPUT(build/F35.elf elf32-littlearm)

.debug_info     0x0000000000000000     0xf14f
 .debug_info    0x0000000000000000      0xd0f build/main.o
 .debug_info    0x0000000000000d0f      0x5e7 build/gpio_led_init.o
 .debug_info    0x00000000000012f6      0xcd3 build/tim_scheduing.o
 .debug_info    0x0000000000001fc9      0xeb5 build/uart8_config.o
 .debug_info    0x0000000000002e7e     0x13b2 build/debug_data.o
 .debug_info    0x0000000000004230      0x370 build/cbuf.o
 .debug_info    0x00000000000045a0      0x25e build/stm32f4xx_it.o
 .debug_info    0x00000000000047fe      0x3d9 build/stm32f4xx_hal_msp.o
 .debug_info    0x0000000000004bd7     0x34d0 build/stm32f4xx_hal_tim.o
 .debug_info    0x00000000000080a7     0x166c build/stm32f4xx_hal_tim_ex.o
 .debug_info    0x0000000000009713      0xb9a build/stm32f4xx_hal_rcc.o
 .debug_info    0x000000000000a2ad      0x887 build/stm32f4xx_hal_gpio.o
 .debug_info    0x000000000000ab34      0xb46 build/stm32f4xx_hal_dma.o
 .debug_info    0x000000000000b67a     0x10a0 build/stm32f4xx_hal_cortex.o
 .debug_info    0x000000000000c71a      0xb4b build/stm32f4xx_hal.o
 .debug_info    0x000000000000d265     0x189f build/stm32f4xx_hal_uart.o
 .debug_info    0x000000000000eb04      0x5fe build/system_stm32f4xx.o
 .debug_info    0x000000000000f102       0x4d build/startup_stm32f427xx.o

.debug_abbrev   0x0000000000000000     0x22d8
 .debug_abbrev  0x0000000000000000      0x1ee build/main.o
 .debug_abbrev  0x00000000000001ee      0x160 build/gpio_led_init.o
 .debug_abbrev  0x000000000000034e      0x215 build/tim_scheduing.o
 .debug_abbrev  0x0000000000000563      0x1d5 build/uart8_config.o
 .debug_abbrev  0x0000000000000738      0x2c1 build/debug_data.o
 .debug_abbrev  0x00000000000009f9      0x19a build/cbuf.o
 .debug_abbrev  0x0000000000000b93       0xe2 build/stm32f4xx_it.o
 .debug_abbrev  0x0000000000000c75      0x106 build/stm32f4xx_hal_msp.o
 .debug_abbrev  0x0000000000000d7b      0x270 build/stm32f4xx_hal_tim.o
 .debug_abbrev  0x0000000000000feb      0x269 build/stm32f4xx_hal_tim_ex.o
 .debug_abbrev  0x0000000000001254      0x28b build/stm32f4xx_hal_rcc.o
 .debug_abbrev  0x00000000000014df      0x21a build/stm32f4xx_hal_gpio.o
 .debug_abbrev  0x00000000000016f9      0x2aa build/stm32f4xx_hal_dma.o
 .debug_abbrev  0x00000000000019a3      0x33b build/stm32f4xx_hal_cortex.o
 .debug_abbrev  0x0000000000001cde      0x1eb build/stm32f4xx_hal.o
 .debug_abbrev  0x0000000000001ec9      0x2d5 build/stm32f4xx_hal_uart.o
 .debug_abbrev  0x000000000000219e      0x128 build/system_stm32f4xx.o
 .debug_abbrev  0x00000000000022c6       0x12 build/startup_stm32f427xx.o

.debug_loc      0x0000000000000000     0x9943
 .debug_loc     0x0000000000000000       0x59 build/main.o
 .debug_loc     0x0000000000000059       0x39 build/gpio_led_init.o
 .debug_loc     0x0000000000000092       0xac build/tim_scheduing.o
 .debug_loc     0x000000000000013e       0xe5 build/uart8_config.o
 .debug_loc     0x0000000000000223      0x1c0 build/debug_data.o
 .debug_loc     0x00000000000003e3      0x134 build/cbuf.o
 .debug_loc     0x0000000000000517       0x20 build/stm32f4xx_it.o
 .debug_loc     0x0000000000000537       0x2c build/stm32f4xx_hal_msp.o
 .debug_loc     0x0000000000000563     0x4343 build/stm32f4xx_hal_tim.o
 .debug_loc     0x00000000000048a6     0x1648 build/stm32f4xx_hal_tim_ex.o
 .debug_loc     0x0000000000005eee      0x55c build/stm32f4xx_hal_rcc.o
 .debug_loc     0x000000000000644a      0x4f2 build/stm32f4xx_hal_gpio.o
 .debug_loc     0x000000000000693c      0xc1d build/stm32f4xx_hal_dma.o
 .debug_loc     0x0000000000007559      0x6a6 build/stm32f4xx_hal_cortex.o
 .debug_loc     0x0000000000007bff      0x1ad build/stm32f4xx_hal.o
 .debug_loc     0x0000000000007dac     0x1a59 build/stm32f4xx_hal_uart.o
 .debug_loc     0x0000000000009805      0x13e build/system_stm32f4xx.o

.debug_aranges  0x0000000000000000      0xc10
 .debug_aranges
                0x0000000000000000       0x30 build/main.o
 .debug_aranges
                0x0000000000000030       0x20 build/gpio_led_init.o
 .debug_aranges
                0x0000000000000050       0x40 build/tim_scheduing.o
 .debug_aranges
                0x0000000000000090       0x40 build/uart8_config.o
 .debug_aranges
                0x00000000000000d0       0x40 build/debug_data.o
 .debug_aranges
                0x0000000000000110       0x50 build/cbuf.o
 .debug_aranges
                0x0000000000000160       0x60 build/stm32f4xx_it.o
 .debug_aranges
                0x00000000000001c0       0x20 build/stm32f4xx_hal_msp.o
 .debug_aranges
                0x00000000000001e0      0x3a8 build/stm32f4xx_hal_tim.o
 .debug_aranges
                0x0000000000000588      0x150 build/stm32f4xx_hal_tim_ex.o
 .debug_aranges
                0x00000000000006d8       0x88 build/stm32f4xx_hal_rcc.o
 .debug_aranges
                0x0000000000000760       0x58 build/stm32f4xx_hal_gpio.o
 .debug_aranges
                0x00000000000007b8       0x90 build/stm32f4xx_hal_dma.o
 .debug_aranges
                0x0000000000000848       0xa8 build/stm32f4xx_hal_cortex.o
 .debug_aranges
                0x00000000000008f0      0x100 build/stm32f4xx_hal.o
 .debug_aranges
                0x00000000000009f0      0x1d0 build/stm32f4xx_hal_uart.o
 .debug_aranges
                0x0000000000000bc0       0x28 build/system_stm32f4xx.o
 .debug_aranges
                0x0000000000000be8       0x28 build/startup_stm32f427xx.o

.debug_ranges   0x0000000000000000      0xb70
 .debug_ranges  0x0000000000000000       0x20 build/main.o
 .debug_ranges  0x0000000000000020       0x10 build/gpio_led_init.o
 .debug_ranges  0x0000000000000030       0x30 build/tim_scheduing.o
 .debug_ranges  0x0000000000000060       0x30 build/uart8_config.o
 .debug_ranges  0x0000000000000090       0x30 build/debug_data.o
 .debug_ranges  0x00000000000000c0       0x40 build/cbuf.o
 .debug_ranges  0x0000000000000100       0x50 build/stm32f4xx_it.o
 .debug_ranges  0x0000000000000150       0x10 build/stm32f4xx_hal_msp.o
 .debug_ranges  0x0000000000000160      0x398 build/stm32f4xx_hal_tim.o
 .debug_ranges  0x00000000000004f8      0x140 build/stm32f4xx_hal_tim_ex.o
 .debug_ranges  0x0000000000000638       0x90 build/stm32f4xx_hal_rcc.o
 .debug_ranges  0x00000000000006c8       0x48 build/stm32f4xx_hal_gpio.o
 .debug_ranges  0x0000000000000710       0x80 build/stm32f4xx_hal_dma.o
 .debug_ranges  0x0000000000000790       0xf8 build/stm32f4xx_hal_cortex.o
 .debug_ranges  0x0000000000000888       0xf0 build/stm32f4xx_hal.o
 .debug_ranges  0x0000000000000978      0x1c0 build/stm32f4xx_hal_uart.o
 .debug_ranges  0x0000000000000b38       0x18 build/system_stm32f4xx.o
 .debug_ranges  0x0000000000000b50       0x20 build/startup_stm32f427xx.o

.debug_line     0x0000000000000000     0x534f
 .debug_line    0x0000000000000000      0x2e7 build/main.o
 .debug_line    0x00000000000002e7      0x1d7 build/gpio_led_init.o
 .debug_line    0x00000000000004be      0x277 build/tim_scheduing.o
 .debug_line    0x0000000000000735      0x2a9 build/uart8_config.o
 .debug_line    0x00000000000009de      0x39c build/debug_data.o
 .debug_line    0x0000000000000d7a      0x203 build/cbuf.o
 .debug_line    0x0000000000000f7d      0x21b build/stm32f4xx_it.o
 .debug_line    0x0000000000001198      0x1b2 build/stm32f4xx_hal_msp.o
 .debug_line    0x000000000000134a     0x148a build/stm32f4xx_hal_tim.o
 .debug_line    0x00000000000027d4      0x853 build/stm32f4xx_hal_tim_ex.o
 .debug_line    0x0000000000003027      0x4a4 build/stm32f4xx_hal_rcc.o
 .debug_line    0x00000000000034cb      0x392 build/stm32f4xx_hal_gpio.o
 .debug_line    0x000000000000385d      0x513 build/stm32f4xx_hal_dma.o
 .debug_line    0x0000000000003d70      0x41a build/stm32f4xx_hal_cortex.o
 .debug_line    0x000000000000418a      0x40e build/stm32f4xx_hal.o
 .debug_line    0x0000000000004598      0xb69 build/stm32f4xx_hal_uart.o
 .debug_line    0x0000000000005101      0x1db build/system_stm32f4xx.o
 .debug_line    0x00000000000052dc       0x73 build/startup_stm32f427xx.o

.debug_str      0x0000000000000000     0x3e74
 .debug_str     0x0000000000000000      0x970 build/main.o
                                        0xa11 (size before relaxing)
 .debug_str     0x0000000000000970       0x87 build/gpio_led_init.o
                                        0x44d (size before relaxing)
 .debug_str     0x00000000000009f7      0x7ff build/tim_scheduing.o
                                        0xde8 (size before relaxing)
 .debug_str     0x00000000000011f6       0xc7 build/uart8_config.o
                                        0xe6f (size before relaxing)
 .debug_str     0x00000000000012bd      0x52e build/debug_data.o
                                        0xc4f (size before relaxing)
 .debug_str     0x00000000000017eb       0x4f build/cbuf.o
                                        0x2fd (size before relaxing)
 .debug_str     0x000000000000183a       0xb4 build/stm32f4xx_it.o
                                        0x30b (size before relaxing)
 .debug_str     0x00000000000018ee       0x29 build/stm32f4xx_hal_msp.o
                                        0x396 (size before relaxing)
 .debug_str     0x0000000000001917      0xdff build/stm32f4xx_hal_tim.o
                                       0x1573 (size before relaxing)
 .debug_str     0x0000000000002716      0x545 build/stm32f4xx_hal_tim_ex.o
                                        0xd8b (size before relaxing)
 .debug_str     0x0000000000002c5b      0x1e2 build/stm32f4xx_hal_rcc.o
                                        0x787 (size before relaxing)
 .debug_str     0x0000000000002e3d      0x13e build/stm32f4xx_hal_gpio.o
                                        0x5a9 (size before relaxing)
 .debug_str     0x0000000000002f7b      0x2c9 build/stm32f4xx_hal_dma.o
                                        0x81c (size before relaxing)
 .debug_str     0x0000000000003244      0x4df build/stm32f4xx_hal_cortex.o
                                        0xd1d (size before relaxing)
 .debug_str     0x0000000000003723      0x25a build/stm32f4xx_hal.o
                                        0xc2c (size before relaxing)
 .debug_str     0x000000000000397d      0x4b0 build/stm32f4xx_hal_uart.o
                                        0xcd7 (size before relaxing)
 .debug_str     0x0000000000003e2d       0x47 build/system_stm32f4xx.o
                                        0x412 (size before relaxing)

.comment        0x0000000000000000       0x7f
 .comment       0x0000000000000000       0x7f build/main.o
                                         0x80 (size before relaxing)
 .comment       0x000000000000007f       0x80 build/gpio_led_init.o
 .comment       0x000000000000007f       0x80 build/tim_scheduing.o
 .comment       0x000000000000007f       0x80 build/uart8_config.o
 .comment       0x000000000000007f       0x80 build/debug_data.o
 .comment       0x000000000000007f       0x80 build/cbuf.o
 .comment       0x000000000000007f       0x80 build/stm32f4xx_it.o
 .comment       0x000000000000007f       0x80 build/stm32f4xx_hal_msp.o
 .comment       0x000000000000007f       0x80 build/stm32f4xx_hal_tim.o
 .comment       0x000000000000007f       0x80 build/stm32f4xx_hal_tim_ex.o
 .comment       0x000000000000007f       0x80 build/stm32f4xx_hal_rcc.o
 .comment       0x000000000000007f       0x80 build/stm32f4xx_hal_gpio.o
 .comment       0x000000000000007f       0x80 build/stm32f4xx_hal_dma.o
 .comment       0x000000000000007f       0x80 build/stm32f4xx_hal_cortex.o
 .comment       0x000000000000007f       0x80 build/stm32f4xx_hal.o
 .comment       0x000000000000007f       0x80 build/stm32f4xx_hal_uart.o
 .comment       0x000000000000007f       0x80 build/system_stm32f4xx.o

.debug_frame    0x0000000000000000     0x2570
 .debug_frame   0x0000000000000000       0x60 build/main.o
 .debug_frame   0x0000000000000060       0x44 build/gpio_led_init.o
 .debug_frame   0x00000000000000a4       0x84 build/tim_scheduing.o
 .debug_frame   0x0000000000000128       0xb4 build/uart8_config.o
 .debug_frame   0x00000000000001dc       0xd4 build/debug_data.o
 .debug_frame   0x00000000000002b0       0xa4 build/cbuf.o
 .debug_frame   0x0000000000000354       0xac build/stm32f4xx_it.o
 .debug_frame   0x0000000000000400       0x28 build/stm32f4xx_hal_msp.o
 .debug_frame   0x0000000000000428      0xbd0 build/stm32f4xx_hal_tim.o
 .debug_frame   0x0000000000000ff8      0x428 build/stm32f4xx_hal_tim_ex.o
 .debug_frame   0x0000000000001420      0x1ac build/stm32f4xx_hal_rcc.o
 .debug_frame   0x00000000000015cc       0xf0 build/stm32f4xx_hal_gpio.o
 .debug_frame   0x00000000000016bc      0x1a8 build/stm32f4xx_hal_dma.o
 .debug_frame   0x0000000000001864      0x16c build/stm32f4xx_hal_cortex.o
 .debug_frame   0x00000000000019d0      0x220 build/stm32f4xx_hal.o
 .debug_frame   0x0000000000001bf0      0x580 build/stm32f4xx_hal_uart.o
 .debug_frame   0x0000000000002170       0x30 build/system_stm32f4xx.o
 .debug_frame   0x00000000000021a0       0x2c /usr/lib/gcc/gcc-arm-none-eabi-6-2017-q2-update/bin/../lib/gcc/arm-none-eabi/6.3.1/../../../../arm-none-eabi/lib/thumb/v7e-m/fpv4-sp/hard/libc_nano.a(lib_a-init.o)
 .debug_frame   0x00000000000021cc       0x20 /usr/lib/gcc/gcc-arm-none-eabi-6-2017-q2-update/bin/../lib/gcc/arm-none-eabi/6.3.1/../../../../arm-none-eabi/lib/thumb/v7e-m/fpv4-sp/hard/libc_nano.a(lib_a-memset.o)
 .debug_frame   0x00000000000021ec       0x4c /usr/lib/gcc/gcc-arm-none-eabi-6-2017-q2-update/bin/../lib/gcc/arm-none-eabi/6.3.1/../../../../arm-none-eabi/lib/thumb/v7e-m/fpv4-sp/hard/libc_nano.a(lib_a-vsnprintf.o)
 .debug_frame   0x0000000000002238       0x90 /usr/lib/gcc/gcc-arm-none-eabi-6-2017-q2-update/bin/../lib/gcc/arm-none-eabi/6.3.1/../../../../arm-none-eabi/lib/thumb/v7e-m/fpv4-sp/hard/libc_nano.a(lib_a-nano-svfprintf.o)
 .debug_frame   0x00000000000022c8       0x60 /usr/lib/gcc/gcc-arm-none-eabi-6-2017-q2-update/bin/../lib/gcc/arm-none-eabi/6.3.1/../../../../arm-none-eabi/lib/thumb/v7e-m/fpv4-sp/hard/libc_nano.a(lib_a-nano-vfprintf_i.o)
 .debug_frame   0x0000000000002328       0x28 /usr/lib/gcc/gcc-arm-none-eabi-6-2017-q2-update/bin/../lib/gcc/arm-none-eabi/6.3.1/../../../../arm-none-eabi/lib/thumb/v7e-m/fpv4-sp/hard/libc_nano.a(lib_a-memcpy-stub.o)
 .debug_frame   0x0000000000002350       0x28 /usr/lib/gcc/gcc-arm-none-eabi-6-2017-q2-update/bin/../lib/gcc/arm-none-eabi/6.3.1/../../../../arm-none-eabi/lib/thumb/v7e-m/fpv4-sp/hard/libc_nano.a(lib_a-memmove.o)
 .debug_frame   0x0000000000002378       0x38 /usr/lib/gcc/gcc-arm-none-eabi-6-2017-q2-update/bin/../lib/gcc/arm-none-eabi/6.3.1/../../../../arm-none-eabi/lib/thumb/v7e-m/fpv4-sp/hard/libc_nano.a(lib_a-nano-freer.o)
 .debug_frame   0x00000000000023b0       0x2c /usr/lib/gcc/gcc-arm-none-eabi-6-2017-q2-update/bin/../lib/gcc/arm-none-eabi/6.3.1/../../../../arm-none-eabi/lib/thumb/v7e-m/fpv4-sp/hard/libc_nano.a(lib_a-nano-mallocr.o)
 .debug_frame   0x00000000000023dc       0x3c /usr/lib/gcc/gcc-arm-none-eabi-6-2017-q2-update/bin/../lib/gcc/arm-none-eabi/6.3.1/../../../../arm-none-eabi/lib/thumb/v7e-m/fpv4-sp/hard/libc_nano.a(lib_a-nano-reallocr.o)
 .debug_frame   0x0000000000002418       0x2c /usr/lib/gcc/gcc-arm-none-eabi-6-2017-q2-update/bin/../lib/gcc/arm-none-eabi/6.3.1/../../../../arm-none-eabi/lib/thumb/v7e-m/fpv4-sp/hard/libc_nano.a(lib_a-sbrkr.o)
 .debug_frame   0x0000000000002444       0x30 /usr/lib/gcc/gcc-arm-none-eabi-6-2017-q2-update/bin/../lib/gcc/arm-none-eabi/6.3.1/../../../../arm-none-eabi/lib/thumb/v7e-m/fpv4-sp/hard/libc_nano.a(lib_a-mlock.o)
 .debug_frame   0x0000000000002474       0x20 /usr/lib/gcc/gcc-arm-none-eabi-6-2017-q2-update/bin/../lib/gcc/arm-none-eabi/6.3.1/../../../../arm-none-eabi/lib/thumb/v7e-m/fpv4-sp/hard/libc_nano.a(lib_a-nano-msizer.o)
 .debug_frame   0x0000000000002494       0x5c /usr/lib/gcc/gcc-arm-none-eabi-6-2017-q2-update/bin/../lib/gcc/arm-none-eabi/6.3.1/../../../../arm-none-eabi/lib/thumb/v7e-m/fpv4-sp/hard/libc_nano.a(lib_a-reent.o)
 .debug_frame   0x00000000000024f0       0x20 /usr/lib/gcc/gcc-arm-none-eabi-6-2017-q2-update/bin/../lib/gcc/arm-none-eabi/6.3.1/../../../../arm-none-eabi/lib/thumb/v7e-m/fpv4-sp/hard/libnosys.a(sbrk.o)
 .debug_frame   0x0000000000002510       0x2c /usr/lib/gcc/gcc-arm-none-eabi-6-2017-q2-update/bin/../lib/gcc/arm-none-eabi/6.3.1/thumb/v7e-m/fpv4-sp/hard/libgcc.a(_aeabi_uldivmod.o)
 .debug_frame   0x000000000000253c       0x34 /usr/lib/gcc/gcc-arm-none-eabi-6-2017-q2-update/bin/../lib/gcc/arm-none-eabi/6.3.1/thumb/v7e-m/fpv4-sp/hard/libgcc.a(_udivmoddi4.o)

Cross Reference Table

Symbol                                            File
ADC_IRQHandler                                    build/startup_stm32f427xx.o
AHBPrescTable                                     build/system_stm32f4xx.o
                                                  build/stm32f4xx_hal_rcc.o
APBPrescTable                                     build/system_stm32f4xx.o
                                                  build/stm32f4xx_hal_rcc.o
BusFault_Handler                                  build/stm32f4xx_it.o
CAN1_RX0_IRQHandler                               build/startup_stm32f427xx.o
CAN1_RX1_IRQHandler                               build/startup_stm32f427xx.o
CAN1_SCE_IRQHandler                               build/startup_stm32f427xx.o
CAN1_TX_IRQHandler                                build/startup_stm32f427xx.o
CAN2_RX0_IRQHandler                               build/startup_stm32f427xx.o
CAN2_RX1_IRQHandler                               build/startup_stm32f427xx.o
CAN2_SCE_IRQHandler                               build/startup_stm32f427xx.o
CAN2_TX_IRQHandler                                build/startup_stm32f427xx.o
Cbuf_Init                                         build/cbuf.o
                                                  build/debug_data.o
Cbuf_Isempty                                      build/cbuf.o
Cbuf_Isfull                                       build/cbuf.o
Cbuf_Len                                          build/cbuf.o
Cbuf_Pop                                          build/cbuf.o
                                                  build/debug_data.o
Cbuf_Push                                         build/cbuf.o
                                                  build/debug_data.o
DCMI_IRQHandler                                   build/startup_stm32f427xx.o
DMA1_Stream0_IRQHandler                           build/uart8_config.o
DMA1_Stream1_IRQHandler                           build/startup_stm32f427xx.o
DMA1_Stream2_IRQHandler                           build/startup_stm32f427xx.o
DMA1_Stream3_IRQHandler                           build/startup_stm32f427xx.o
DMA1_Stream4_IRQHandler                           build/startup_stm32f427xx.o
DMA1_Stream5_IRQHandler                           build/startup_stm32f427xx.o
DMA1_Stream6_IRQHandler                           build/uart8_config.o
DMA1_Stream7_IRQHandler                           build/startup_stm32f427xx.o
DMA2D_IRQHandler                                  build/startup_stm32f427xx.o
DMA2_Stream0_IRQHandler                           build/startup_stm32f427xx.o
DMA2_Stream1_IRQHandler                           build/startup_stm32f427xx.o
DMA2_Stream2_IRQHandler                           build/startup_stm32f427xx.o
DMA2_Stream3_IRQHandler                           build/startup_stm32f427xx.o
DMA2_Stream4_IRQHandler                           build/startup_stm32f427xx.o
DMA2_Stream5_IRQHandler                           build/startup_stm32f427xx.o
DMA2_Stream6_IRQHandler                           build/startup_stm32f427xx.o
DMA2_Stream7_IRQHandler                           build/startup_stm32f427xx.o
DebugMon_Handler                                  build/stm32f4xx_it.o
Default_Handler                                   build/startup_stm32f427xx.o
ETH_IRQHandler                                    build/startup_stm32f427xx.o
ETH_WKUP_IRQHandler                               build/startup_stm32f427xx.o
EXTI0_IRQHandler                                  build/startup_stm32f427xx.o
EXTI15_10_IRQHandler                              build/startup_stm32f427xx.o
EXTI1_IRQHandler                                  build/startup_stm32f427xx.o
EXTI2_IRQHandler                                  build/startup_stm32f427xx.o
EXTI3_IRQHandler                                  build/startup_stm32f427xx.o
EXTI4_IRQHandler                                  build/startup_stm32f427xx.o
EXTI9_5_IRQHandler                                build/startup_stm32f427xx.o
Error_Handler                                     build/main.o
                                                  build/uart8_config.o
FLASH_Erase_Sector                                build/stm32f4xx_hal_flash_ex.o
                                                  build/stm32f4xx_hal_flash.o
FLASH_FlushCaches                                 build/stm32f4xx_hal_flash_ex.o
                                                  build/stm32f4xx_hal_flash.o
FLASH_IRQHandler                                  build/startup_stm32f427xx.o
FLASH_WaitForLastOperation                        build/stm32f4xx_hal_flash.o
                                                  build/stm32f4xx_hal_flash_ex.o
FMC_IRQHandler                                    build/startup_stm32f427xx.o
FPU_IRQHandler                                    build/startup_stm32f427xx.o
HAL_DBGMCU_DisableDBGSleepMode                    build/stm32f4xx_hal.o
HAL_DBGMCU_DisableDBGStandbyMode                  build/stm32f4xx_hal.o
HAL_DBGMCU_DisableDBGStopMode                     build/stm32f4xx_hal.o
HAL_DBGMCU_EnableDBGSleepMode                     build/stm32f4xx_hal.o
HAL_DBGMCU_EnableDBGStandbyMode                   build/stm32f4xx_hal.o
HAL_DBGMCU_EnableDBGStopMode                      build/stm32f4xx_hal.o
HAL_DMAEx_ChangeMemory                            build/stm32f4xx_hal_dma_ex.o
HAL_DMAEx_MultiBufferStart                        build/stm32f4xx_hal_dma_ex.o
HAL_DMAEx_MultiBufferStart_IT                     build/stm32f4xx_hal_dma_ex.o
HAL_DMA_Abort                                     build/stm32f4xx_hal_dma.o
                                                  build/stm32f4xx_hal_uart.o
HAL_DMA_Abort_IT                                  build/stm32f4xx_hal_dma.o
                                                  build/stm32f4xx_hal_uart.o
                                                  build/stm32f4xx_hal_tim_ex.o
                                                  build/stm32f4xx_hal_tim.o
HAL_DMA_DeInit                                    build/stm32f4xx_hal_dma.o
HAL_DMA_GetError                                  build/stm32f4xx_hal_dma.o
                                                  build/stm32f4xx_hal_uart.o
HAL_DMA_GetState                                  build/stm32f4xx_hal_dma.o
HAL_DMA_IRQHandler                                build/stm32f4xx_hal_dma.o
                                                  build/uart8_config.o
HAL_DMA_Init                                      build/stm32f4xx_hal_dma.o
                                                  build/uart8_config.o
HAL_DMA_PollForTransfer                           build/stm32f4xx_hal_dma.o
HAL_DMA_RegisterCallback                          build/stm32f4xx_hal_dma.o
HAL_DMA_Start                                     build/stm32f4xx_hal_dma.o
HAL_DMA_Start_IT                                  build/stm32f4xx_hal_dma.o
                                                  build/stm32f4xx_hal_uart.o
                                                  build/stm32f4xx_hal_tim_ex.o
                                                  build/stm32f4xx_hal_tim.o
HAL_DMA_UnRegisterCallback                        build/stm32f4xx_hal_dma.o
HAL_DeInit                                        build/stm32f4xx_hal.o
HAL_Delay                                         build/stm32f4xx_hal.o
                                                  build/main.o
HAL_DisableCompensationCell                       build/stm32f4xx_hal.o
HAL_DisableMemorySwappingBank                     build/stm32f4xx_hal.o
HAL_EXTI_ClearConfigLine                          build/stm32f4xx_hal_exti.o
HAL_EXTI_ClearPending                             build/stm32f4xx_hal_exti.o
HAL_EXTI_GenerateSWI                              build/stm32f4xx_hal_exti.o
HAL_EXTI_GetConfigLine                            build/stm32f4xx_hal_exti.o
HAL_EXTI_GetHandle                                build/stm32f4xx_hal_exti.o
HAL_EXTI_GetPending                               build/stm32f4xx_hal_exti.o
HAL_EXTI_IRQHandler                               build/stm32f4xx_hal_exti.o
HAL_EXTI_RegisterCallback                         build/stm32f4xx_hal_exti.o
HAL_EXTI_SetConfigLine                            build/stm32f4xx_hal_exti.o
HAL_EnableCompensationCell                        build/stm32f4xx_hal.o
HAL_EnableMemorySwappingBank                      build/stm32f4xx_hal.o
HAL_FLASHEx_AdvOBGetConfig                        build/stm32f4xx_hal_flash_ex.o
HAL_FLASHEx_AdvOBProgram                          build/stm32f4xx_hal_flash_ex.o
HAL_FLASHEx_Erase                                 build/stm32f4xx_hal_flash_ex.o
HAL_FLASHEx_Erase_IT                              build/stm32f4xx_hal_flash_ex.o
HAL_FLASHEx_OBGetConfig                           build/stm32f4xx_hal_flash_ex.o
HAL_FLASHEx_OBProgram                             build/stm32f4xx_hal_flash_ex.o
HAL_FLASHEx_OB_DeSelectPCROP                      build/stm32f4xx_hal_flash_ex.o
HAL_FLASHEx_OB_GetBank2WRP                        build/stm32f4xx_hal_flash_ex.o
HAL_FLASHEx_OB_SelectPCROP                        build/stm32f4xx_hal_flash_ex.o
HAL_FLASH_EndOfOperationCallback                  build/stm32f4xx_hal_flash.o
HAL_FLASH_GetError                                build/stm32f4xx_hal_flash.o
HAL_FLASH_IRQHandler                              build/stm32f4xx_hal_flash.o
HAL_FLASH_Lock                                    build/stm32f4xx_hal_flash.o
HAL_FLASH_OB_Launch                               build/stm32f4xx_hal_flash.o
HAL_FLASH_OB_Lock                                 build/stm32f4xx_hal_flash.o
HAL_FLASH_OB_Unlock                               build/stm32f4xx_hal_flash.o
HAL_FLASH_OperationErrorCallback                  build/stm32f4xx_hal_flash.o
HAL_FLASH_Program                                 build/stm32f4xx_hal_flash.o
HAL_FLASH_Program_IT                              build/stm32f4xx_hal_flash.o
HAL_FLASH_Unlock                                  build/stm32f4xx_hal_flash.o
HAL_GPIO_DeInit                                   build/stm32f4xx_hal_gpio.o
HAL_GPIO_EXTI_Callback                            build/stm32f4xx_hal_gpio.o
HAL_GPIO_EXTI_IRQHandler                          build/stm32f4xx_hal_gpio.o
HAL_GPIO_Init                                     build/stm32f4xx_hal_gpio.o
                                                  build/stm32f4xx_hal_rcc.o
                                                  build/uart8_config.o
                                                  build/gpio_led_init.o
HAL_GPIO_LockPin                                  build/stm32f4xx_hal_gpio.o
HAL_GPIO_ReadPin                                  build/stm32f4xx_hal_gpio.o
HAL_GPIO_TogglePin                                build/stm32f4xx_hal_gpio.o
                                                  build/main.o
HAL_GPIO_WritePin                                 build/stm32f4xx_hal_gpio.o
                                                  build/gpio_led_init.o
HAL_GetDEVID                                      build/stm32f4xx_hal.o
HAL_GetHalVersion                                 build/stm32f4xx_hal.o
HAL_GetREVID                                      build/stm32f4xx_hal.o
HAL_GetTick                                       build/stm32f4xx_hal.o
                                                  build/stm32f4xx_hal_uart.o
                                                  build/stm32f4xx_hal_pwr_ex.o
                                                  build/stm32f4xx_hal_dma.o
                                                  build/stm32f4xx_hal_flash.o
                                                  build/stm32f4xx_hal_rcc_ex.o
                                                  build/stm32f4xx_hal_rcc.o
HAL_GetTickFreq                                   build/stm32f4xx_hal.o
HAL_GetTickPrio                                   build/stm32f4xx_hal.o
HAL_GetUIDw0                                      build/stm32f4xx_hal.o
HAL_GetUIDw1                                      build/stm32f4xx_hal.o
HAL_GetUIDw2                                      build/stm32f4xx_hal.o
HAL_HalfDuplex_EnableReceiver                     build/stm32f4xx_hal_uart.o
HAL_HalfDuplex_EnableTransmitter                  build/stm32f4xx_hal_uart.o
HAL_HalfDuplex_Init                               build/stm32f4xx_hal_uart.o
HAL_IncTick                                       build/stm32f4xx_hal.o
                                                  build/stm32f4xx_it.o
HAL_Init                                          build/stm32f4xx_hal.o
                                                  build/main.o
HAL_InitTick                                      build/stm32f4xx_hal.o
                                                  build/stm32f4xx_hal_rcc_ex.o
                                                  build/stm32f4xx_hal_rcc.o
HAL_LIN_Init                                      build/stm32f4xx_hal_uart.o
HAL_LIN_SendBreak                                 build/stm32f4xx_hal_uart.o
HAL_MPU_ConfigRegion                              build/stm32f4xx_hal_cortex.o
HAL_MPU_Disable                                   build/stm32f4xx_hal_cortex.o
HAL_MPU_Enable                                    build/stm32f4xx_hal_cortex.o
HAL_MspDeInit                                     build/stm32f4xx_hal.o
HAL_MspInit                                       build/stm32f4xx_hal_msp.o
HAL_MultiProcessor_EnterMuteMode                  build/stm32f4xx_hal_uart.o
HAL_MultiProcessor_ExitMuteMode                   build/stm32f4xx_hal_uart.o
HAL_MultiProcessor_Init                           build/stm32f4xx_hal_uart.o
HAL_NVIC_ClearPendingIRQ                          build/stm32f4xx_hal_cortex.o
HAL_NVIC_DisableIRQ                               build/stm32f4xx_hal_cortex.o
HAL_NVIC_EnableIRQ                                build/stm32f4xx_hal_cortex.o
                                                  build/uart8_config.o
                                                  build/tim_scheduing.o
HAL_NVIC_GetActive                                build/stm32f4xx_hal_cortex.o
HAL_NVIC_GetPendingIRQ                            build/stm32f4xx_hal_cortex.o
HAL_NVIC_GetPriority                              build/stm32f4xx_hal_cortex.o
HAL_NVIC_GetPriorityGrouping                      build/stm32f4xx_hal_cortex.o
HAL_NVIC_SetPendingIRQ                            build/stm32f4xx_hal_cortex.o
HAL_NVIC_SetPriority                              build/stm32f4xx_hal_cortex.o
                                                  build/stm32f4xx_hal.o
                                                  build/uart8_config.o
                                                  build/tim_scheduing.o
HAL_NVIC_SetPriorityGrouping                      build/stm32f4xx_hal_cortex.o
                                                  build/stm32f4xx_hal.o
HAL_NVIC_SystemReset                              build/stm32f4xx_hal_cortex.o
HAL_PWREx_ControlVoltageScaling                   build/stm32f4xx_hal_pwr_ex.o
HAL_PWREx_DisableBkUpReg                          build/stm32f4xx_hal_pwr_ex.o
HAL_PWREx_DisableFlashPowerDown                   build/stm32f4xx_hal_pwr_ex.o
HAL_PWREx_DisableOverDrive                        build/stm32f4xx_hal_pwr_ex.o
HAL_PWREx_EnableBkUpReg                           build/stm32f4xx_hal_pwr_ex.o
HAL_PWREx_EnableFlashPowerDown                    build/stm32f4xx_hal_pwr_ex.o
HAL_PWREx_EnableOverDrive                         build/stm32f4xx_hal_pwr_ex.o
HAL_PWREx_EnterUnderDriveSTOPMode                 build/stm32f4xx_hal_pwr_ex.o
HAL_PWREx_GetVoltageRange                         build/stm32f4xx_hal_pwr_ex.o
HAL_PWR_ConfigPVD                                 build/stm32f4xx_hal_pwr.o
HAL_PWR_DeInit                                    build/stm32f4xx_hal_pwr.o
HAL_PWR_DisableBkUpAccess                         build/stm32f4xx_hal_pwr.o
HAL_PWR_DisablePVD                                build/stm32f4xx_hal_pwr.o
HAL_PWR_DisableSEVOnPend                          build/stm32f4xx_hal_pwr.o
HAL_PWR_DisableSleepOnExit                        build/stm32f4xx_hal_pwr.o
HAL_PWR_DisableWakeUpPin                          build/stm32f4xx_hal_pwr.o
HAL_PWR_EnableBkUpAccess                          build/stm32f4xx_hal_pwr.o
HAL_PWR_EnablePVD                                 build/stm32f4xx_hal_pwr.o
HAL_PWR_EnableSEVOnPend                           build/stm32f4xx_hal_pwr.o
HAL_PWR_EnableSleepOnExit                         build/stm32f4xx_hal_pwr.o
HAL_PWR_EnableWakeUpPin                           build/stm32f4xx_hal_pwr.o
HAL_PWR_EnterSLEEPMode                            build/stm32f4xx_hal_pwr.o
HAL_PWR_EnterSTANDBYMode                          build/stm32f4xx_hal_pwr.o
HAL_PWR_EnterSTOPMode                             build/stm32f4xx_hal_pwr.o
HAL_PWR_PVDCallback                               build/stm32f4xx_hal_pwr.o
HAL_PWR_PVD_IRQHandler                            build/stm32f4xx_hal_pwr.o
HAL_RCCEx_DisablePLLI2S                           build/stm32f4xx_hal_rcc_ex.o
HAL_RCCEx_DisablePLLSAI                           build/stm32f4xx_hal_rcc_ex.o
HAL_RCCEx_EnablePLLI2S                            build/stm32f4xx_hal_rcc_ex.o
HAL_RCCEx_EnablePLLSAI                            build/stm32f4xx_hal_rcc_ex.o
HAL_RCCEx_GetPeriphCLKConfig                      build/stm32f4xx_hal_rcc_ex.o
HAL_RCCEx_GetPeriphCLKFreq                        build/stm32f4xx_hal_rcc_ex.o
HAL_RCCEx_PeriphCLKConfig                         build/stm32f4xx_hal_rcc_ex.o
HAL_RCC_CSSCallback                               build/stm32f4xx_hal_rcc.o
HAL_RCC_ClockConfig                               build/stm32f4xx_hal_rcc.o
                                                  build/main.o
HAL_RCC_DeInit                                    build/stm32f4xx_hal_rcc_ex.o
                                                  build/stm32f4xx_hal_rcc.o
HAL_RCC_DisableCSS                                build/stm32f4xx_hal_rcc.o
HAL_RCC_EnableCSS                                 build/stm32f4xx_hal_rcc.o
HAL_RCC_GetClockConfig                            build/stm32f4xx_hal_rcc.o
HAL_RCC_GetHCLKFreq                               build/stm32f4xx_hal_rcc.o
HAL_RCC_GetOscConfig                              build/stm32f4xx_hal_rcc.o
HAL_RCC_GetPCLK1Freq                              build/stm32f4xx_hal_rcc.o
                                                  build/stm32f4xx_hal_uart.o
                                                  build/tim_scheduing.o
HAL_RCC_GetPCLK2Freq                              build/stm32f4xx_hal_rcc.o
                                                  build/stm32f4xx_hal_uart.o
HAL_RCC_GetSysClockFreq                           build/stm32f4xx_hal_rcc.o
HAL_RCC_MCOConfig                                 build/stm32f4xx_hal_rcc.o
HAL_RCC_NMI_IRQHandler                            build/stm32f4xx_hal_rcc.o
HAL_RCC_OscConfig                                 build/stm32f4xx_hal_rcc.o
                                                  build/main.o
HAL_ResumeTick                                    build/stm32f4xx_hal.o
HAL_SYSTICK_CLKSourceConfig                       build/stm32f4xx_hal_cortex.o
HAL_SYSTICK_Callback                              build/stm32f4xx_hal_cortex.o
HAL_SYSTICK_Config                                build/stm32f4xx_hal_cortex.o
                                                  build/stm32f4xx_hal.o
HAL_SYSTICK_IRQHandler                            build/stm32f4xx_hal_cortex.o
HAL_SetTickFreq                                   build/stm32f4xx_hal.o
HAL_SuspendTick                                   build/stm32f4xx_hal.o
HAL_TIMEx_BreakCallback                           build/stm32f4xx_hal_tim_ex.o
                                                  build/stm32f4xx_hal_tim.o
HAL_TIMEx_CommutCallback                          build/stm32f4xx_hal_tim_ex.o
                                                  build/stm32f4xx_hal_tim.o
HAL_TIMEx_CommutHalfCpltCallback                  build/stm32f4xx_hal_tim_ex.o
HAL_TIMEx_ConfigBreakDeadTime                     build/stm32f4xx_hal_tim_ex.o
HAL_TIMEx_ConfigCommutEvent                       build/stm32f4xx_hal_tim_ex.o
HAL_TIMEx_ConfigCommutEvent_DMA                   build/stm32f4xx_hal_tim_ex.o
HAL_TIMEx_ConfigCommutEvent_IT                    build/stm32f4xx_hal_tim_ex.o
HAL_TIMEx_HallSensor_DeInit                       build/stm32f4xx_hal_tim_ex.o
HAL_TIMEx_HallSensor_GetState                     build/stm32f4xx_hal_tim_ex.o
HAL_TIMEx_HallSensor_Init                         build/stm32f4xx_hal_tim_ex.o
HAL_TIMEx_HallSensor_MspDeInit                    build/stm32f4xx_hal_tim_ex.o
HAL_TIMEx_HallSensor_MspInit                      build/stm32f4xx_hal_tim_ex.o
HAL_TIMEx_HallSensor_Start                        build/stm32f4xx_hal_tim_ex.o
HAL_TIMEx_HallSensor_Start_DMA                    build/stm32f4xx_hal_tim_ex.o
HAL_TIMEx_HallSensor_Start_IT                     build/stm32f4xx_hal_tim_ex.o
HAL_TIMEx_HallSensor_Stop                         build/stm32f4xx_hal_tim_ex.o
HAL_TIMEx_HallSensor_Stop_DMA                     build/stm32f4xx_hal_tim_ex.o
HAL_TIMEx_HallSensor_Stop_IT                      build/stm32f4xx_hal_tim_ex.o
HAL_TIMEx_MasterConfigSynchronization             build/stm32f4xx_hal_tim_ex.o
HAL_TIMEx_OCN_Start                               build/stm32f4xx_hal_tim_ex.o
HAL_TIMEx_OCN_Start_DMA                           build/stm32f4xx_hal_tim_ex.o
HAL_TIMEx_OCN_Start_IT                            build/stm32f4xx_hal_tim_ex.o
HAL_TIMEx_OCN_Stop                                build/stm32f4xx_hal_tim_ex.o
HAL_TIMEx_OCN_Stop_DMA                            build/stm32f4xx_hal_tim_ex.o
HAL_TIMEx_OCN_Stop_IT                             build/stm32f4xx_hal_tim_ex.o
HAL_TIMEx_OnePulseN_Start                         build/stm32f4xx_hal_tim_ex.o
HAL_TIMEx_OnePulseN_Start_IT                      build/stm32f4xx_hal_tim_ex.o
HAL_TIMEx_OnePulseN_Stop                          build/stm32f4xx_hal_tim_ex.o
HAL_TIMEx_OnePulseN_Stop_IT                       build/stm32f4xx_hal_tim_ex.o
HAL_TIMEx_PWMN_Start                              build/stm32f4xx_hal_tim_ex.o
HAL_TIMEx_PWMN_Start_DMA                          build/stm32f4xx_hal_tim_ex.o
HAL_TIMEx_PWMN_Start_IT                           build/stm32f4xx_hal_tim_ex.o
HAL_TIMEx_PWMN_Stop                               build/stm32f4xx_hal_tim_ex.o
HAL_TIMEx_PWMN_Stop_DMA                           build/stm32f4xx_hal_tim_ex.o
HAL_TIMEx_PWMN_Stop_IT                            build/stm32f4xx_hal_tim_ex.o
HAL_TIMEx_RemapConfig                             build/stm32f4xx_hal_tim_ex.o
HAL_TIM_Base_DeInit                               build/stm32f4xx_hal_tim.o
HAL_TIM_Base_GetState                             build/stm32f4xx_hal_tim.o
HAL_TIM_Base_Init                                 build/stm32f4xx_hal_tim.o
                                                  build/tim_scheduing.o
HAL_TIM_Base_MspDeInit                            build/stm32f4xx_hal_tim.o
HAL_TIM_Base_MspInit                              build/tim_scheduing.o
HAL_TIM_Base_Start                                build/stm32f4xx_hal_tim.o
HAL_TIM_Base_Start_DMA                            build/stm32f4xx_hal_tim.o
HAL_TIM_Base_Start_IT                             build/stm32f4xx_hal_tim.o
                                                  build/tim_scheduing.o
HAL_TIM_Base_Stop                                 build/stm32f4xx_hal_tim.o
HAL_TIM_Base_Stop_DMA                             build/stm32f4xx_hal_tim.o
HAL_TIM_Base_Stop_IT                              build/stm32f4xx_hal_tim.o
HAL_TIM_ConfigClockSource                         build/stm32f4xx_hal_tim.o
HAL_TIM_ConfigOCrefClear                          build/stm32f4xx_hal_tim.o
HAL_TIM_ConfigTI1Input                            build/stm32f4xx_hal_tim.o
HAL_TIM_DMABurst_ReadStart                        build/stm32f4xx_hal_tim.o
HAL_TIM_DMABurst_ReadStop                         build/stm32f4xx_hal_tim.o
HAL_TIM_DMABurst_WriteStart                       build/stm32f4xx_hal_tim.o
HAL_TIM_DMABurst_WriteStop                        build/stm32f4xx_hal_tim.o
HAL_TIM_Encoder_DeInit                            build/stm32f4xx_hal_tim.o
HAL_TIM_Encoder_GetState                          build/stm32f4xx_hal_tim.o
HAL_TIM_Encoder_Init                              build/stm32f4xx_hal_tim.o
HAL_TIM_Encoder_MspDeInit                         build/stm32f4xx_hal_tim.o
HAL_TIM_Encoder_MspInit                           build/stm32f4xx_hal_tim.o
HAL_TIM_Encoder_Start                             build/stm32f4xx_hal_tim.o
HAL_TIM_Encoder_Start_DMA                         build/stm32f4xx_hal_tim.o
HAL_TIM_Encoder_Start_IT                          build/stm32f4xx_hal_tim.o
HAL_TIM_Encoder_Stop                              build/stm32f4xx_hal_tim.o
HAL_TIM_Encoder_Stop_DMA                          build/stm32f4xx_hal_tim.o
HAL_TIM_Encoder_Stop_IT                           build/stm32f4xx_hal_tim.o
HAL_TIM_ErrorCallback                             build/stm32f4xx_hal_tim.o
HAL_TIM_GenerateEvent                             build/stm32f4xx_hal_tim.o
HAL_TIM_IC_CaptureCallback                        build/stm32f4xx_hal_tim.o
HAL_TIM_IC_CaptureHalfCpltCallback                build/stm32f4xx_hal_tim.o
HAL_TIM_IC_ConfigChannel                          build/stm32f4xx_hal_tim.o
HAL_TIM_IC_DeInit                                 build/stm32f4xx_hal_tim.o
HAL_TIM_IC_GetState                               build/stm32f4xx_hal_tim.o
HAL_TIM_IC_Init                                   build/stm32f4xx_hal_tim.o
HAL_TIM_IC_MspDeInit                              build/stm32f4xx_hal_tim.o
HAL_TIM_IC_MspInit                                build/stm32f4xx_hal_tim.o
HAL_TIM_IC_Start                                  build/stm32f4xx_hal_tim.o
HAL_TIM_IC_Start_DMA                              build/stm32f4xx_hal_tim.o
HAL_TIM_IC_Start_IT                               build/stm32f4xx_hal_tim.o
HAL_TIM_IC_Stop                                   build/stm32f4xx_hal_tim.o
HAL_TIM_IC_Stop_DMA                               build/stm32f4xx_hal_tim.o
HAL_TIM_IC_Stop_IT                                build/stm32f4xx_hal_tim.o
HAL_TIM_IRQHandler                                build/stm32f4xx_hal_tim.o
                                                  build/tim_scheduing.o
HAL_TIM_OC_ConfigChannel                          build/stm32f4xx_hal_tim.o
HAL_TIM_OC_DeInit                                 build/stm32f4xx_hal_tim.o
HAL_TIM_OC_DelayElapsedCallback                   build/stm32f4xx_hal_tim.o
HAL_TIM_OC_GetState                               build/stm32f4xx_hal_tim.o
HAL_TIM_OC_Init                                   build/stm32f4xx_hal_tim.o
HAL_TIM_OC_MspDeInit                              build/stm32f4xx_hal_tim.o
HAL_TIM_OC_MspInit                                build/stm32f4xx_hal_tim.o
HAL_TIM_OC_Start                                  build/stm32f4xx_hal_tim.o
HAL_TIM_OC_Start_DMA                              build/stm32f4xx_hal_tim.o
HAL_TIM_OC_Start_IT                               build/stm32f4xx_hal_tim.o
HAL_TIM_OC_Stop                                   build/stm32f4xx_hal_tim.o
HAL_TIM_OC_Stop_DMA                               build/stm32f4xx_hal_tim.o
HAL_TIM_OC_Stop_IT                                build/stm32f4xx_hal_tim.o
HAL_TIM_OnePulse_ConfigChannel                    build/stm32f4xx_hal_tim.o
HAL_TIM_OnePulse_DeInit                           build/stm32f4xx_hal_tim.o
HAL_TIM_OnePulse_GetState                         build/stm32f4xx_hal_tim.o
HAL_TIM_OnePulse_Init                             build/stm32f4xx_hal_tim.o
HAL_TIM_OnePulse_MspDeInit                        build/stm32f4xx_hal_tim.o
HAL_TIM_OnePulse_MspInit                          build/stm32f4xx_hal_tim.o
HAL_TIM_OnePulse_Start                            build/stm32f4xx_hal_tim.o
HAL_TIM_OnePulse_Start_IT                         build/stm32f4xx_hal_tim.o
HAL_TIM_OnePulse_Stop                             build/stm32f4xx_hal_tim.o
HAL_TIM_OnePulse_Stop_IT                          build/stm32f4xx_hal_tim.o
HAL_TIM_PWM_ConfigChannel                         build/stm32f4xx_hal_tim.o
HAL_TIM_PWM_DeInit                                build/stm32f4xx_hal_tim.o
HAL_TIM_PWM_GetState                              build/stm32f4xx_hal_tim.o
HAL_TIM_PWM_Init                                  build/stm32f4xx_hal_tim.o
HAL_TIM_PWM_MspDeInit                             build/stm32f4xx_hal_tim.o
HAL_TIM_PWM_MspInit                               build/stm32f4xx_hal_tim.o
HAL_TIM_PWM_PulseFinishedCallback                 build/stm32f4xx_hal_tim.o
HAL_TIM_PWM_PulseFinishedHalfCpltCallback         build/stm32f4xx_hal_tim.o
HAL_TIM_PWM_Start                                 build/stm32f4xx_hal_tim.o
HAL_TIM_PWM_Start_DMA                             build/stm32f4xx_hal_tim.o
HAL_TIM_PWM_Start_IT                              build/stm32f4xx_hal_tim.o
HAL_TIM_PWM_Stop                                  build/stm32f4xx_hal_tim.o
HAL_TIM_PWM_Stop_DMA                              build/stm32f4xx_hal_tim.o
HAL_TIM_PWM_Stop_IT                               build/stm32f4xx_hal_tim.o
HAL_TIM_PeriodElapsedCallback                     build/tim_scheduing.o
HAL_TIM_PeriodElapsedHalfCpltCallback             build/stm32f4xx_hal_tim.o
HAL_TIM_ReadCapturedValue                         build/stm32f4xx_hal_tim.o
HAL_TIM_SlaveConfigSynchro                        build/stm32f4xx_hal_tim.o
HAL_TIM_SlaveConfigSynchro_IT                     build/stm32f4xx_hal_tim.o
HAL_TIM_TriggerCallback                           build/stm32f4xx_hal_tim.o
HAL_TIM_TriggerHalfCpltCallback                   build/stm32f4xx_hal_tim.o
HAL_UART_Abort                                    build/stm32f4xx_hal_uart.o
HAL_UART_AbortCpltCallback                        build/stm32f4xx_hal_uart.o
HAL_UART_AbortReceive                             build/stm32f4xx_hal_uart.o
HAL_UART_AbortReceiveCpltCallback                 build/stm32f4xx_hal_uart.o
HAL_UART_AbortReceive_IT                          build/stm32f4xx_hal_uart.o
HAL_UART_AbortTransmit                            build/stm32f4xx_hal_uart.o
HAL_UART_AbortTransmitCpltCallback                build/stm32f4xx_hal_uart.o
HAL_UART_AbortTransmit_IT                         build/stm32f4xx_hal_uart.o
HAL_UART_Abort_IT                                 build/stm32f4xx_hal_uart.o
HAL_UART_DMAPause                                 build/stm32f4xx_hal_uart.o
HAL_UART_DMAResume                                build/stm32f4xx_hal_uart.o
HAL_UART_DMAStop                                  build/stm32f4xx_hal_uart.o
                                                  build/debug_data.o
HAL_UART_DeInit                                   build/stm32f4xx_hal_uart.o
HAL_UART_ErrorCallback                            build/stm32f4xx_hal_uart.o
HAL_UART_GetError                                 build/stm32f4xx_hal_uart.o